Archive member included to satisfy reference by file (symbol)

/usr/share/gcc-arm-none-eabi-13.2.rel1/bin/../lib/gcc/arm-none-eabi/13.2.1/../../../../arm-none-eabi/lib/thumb/v8-m.main+fp/hard/libc_nano.a(libc_a-exit.o)
                              /usr/share/gcc-arm-none-eabi-13.2.rel1/bin/../lib/gcc/arm-none-eabi/13.2.1/../../../../arm-none-eabi/lib/thumb/v8-m.main+fp/hard/crt0.o (exit)
/usr/share/gcc-arm-none-eabi-13.2.rel1/bin/../lib/gcc/arm-none-eabi/13.2.1/../../../../arm-none-eabi/lib/thumb/v8-m.main+fp/hard/libc_nano.a(libc_a-init.o)
                              /usr/share/gcc-arm-none-eabi-13.2.rel1/bin/../lib/gcc/arm-none-eabi/13.2.1/../../../../arm-none-eabi/lib/thumb/v8-m.main+fp/hard/crt0.o (__libc_init_array)
/usr/share/gcc-arm-none-eabi-13.2.rel1/bin/../lib/gcc/arm-none-eabi/13.2.1/../../../../arm-none-eabi/lib/thumb/v8-m.main+fp/hard/libc_nano.a(libc_a-findfp.o)
                              /usr/share/gcc-arm-none-eabi-13.2.rel1/bin/../lib/gcc/arm-none-eabi/13.2.1/../../../../arm-none-eabi/lib/thumb/v8-m.main+fp/hard/libc_nano.a(libc_a-exit.o) (__stdio_exit_handler)
/usr/share/gcc-arm-none-eabi-13.2.rel1/bin/../lib/gcc/arm-none-eabi/13.2.1/../../../../arm-none-eabi/lib/thumb/v8-m.main+fp/hard/libc_nano.a(libc_a-stdio.o)
                              /usr/share/gcc-arm-none-eabi-13.2.rel1/bin/../lib/gcc/arm-none-eabi/13.2.1/../../../../arm-none-eabi/lib/thumb/v8-m.main+fp/hard/libc_nano.a(libc_a-findfp.o) (__sread)
/usr/share/gcc-arm-none-eabi-13.2.rel1/bin/../lib/gcc/arm-none-eabi/13.2.1/../../../../arm-none-eabi/lib/thumb/v8-m.main+fp/hard/libc_nano.a(libc_a-readr.o)
                              /usr/share/gcc-arm-none-eabi-13.2.rel1/bin/../lib/gcc/arm-none-eabi/13.2.1/../../../../arm-none-eabi/lib/thumb/v8-m.main+fp/hard/libc_nano.a(libc_a-stdio.o) (_read_r)
/usr/share/gcc-arm-none-eabi-13.2.rel1/bin/../lib/gcc/arm-none-eabi/13.2.1/../../../../arm-none-eabi/lib/thumb/v8-m.main+fp/hard/libc_nano.a(libc_a-writer.o)
                              /usr/share/gcc-arm-none-eabi-13.2.rel1/bin/../lib/gcc/arm-none-eabi/13.2.1/../../../../arm-none-eabi/lib/thumb/v8-m.main+fp/hard/libc_nano.a(libc_a-stdio.o) (_write_r)
/usr/share/gcc-arm-none-eabi-13.2.rel1/bin/../lib/gcc/arm-none-eabi/13.2.1/../../../../arm-none-eabi/lib/thumb/v8-m.main+fp/hard/libc_nano.a(libc_a-fwalk.o)
                              /usr/share/gcc-arm-none-eabi-13.2.rel1/bin/../lib/gcc/arm-none-eabi/13.2.1/../../../../arm-none-eabi/lib/thumb/v8-m.main+fp/hard/libc_nano.a(libc_a-findfp.o) (_fwalk_sglue)
/usr/share/gcc-arm-none-eabi-13.2.rel1/bin/../lib/gcc/arm-none-eabi/13.2.1/../../../../arm-none-eabi/lib/thumb/v8-m.main+fp/hard/libc_nano.a(libc_a-memset.o)
                              /usr/share/gcc-arm-none-eabi-13.2.rel1/bin/../lib/gcc/arm-none-eabi/13.2.1/../../../../arm-none-eabi/lib/thumb/v8-m.main+fp/hard/crt0.o (memset)
/usr/share/gcc-arm-none-eabi-13.2.rel1/bin/../lib/gcc/arm-none-eabi/13.2.1/../../../../arm-none-eabi/lib/thumb/v8-m.main+fp/hard/libc_nano.a(libc_a-lock.o)
                              /usr/share/gcc-arm-none-eabi-13.2.rel1/bin/../lib/gcc/arm-none-eabi/13.2.1/../../../../arm-none-eabi/lib/thumb/v8-m.main+fp/hard/libc_nano.a(libc_a-findfp.o) (__retarget_lock_init_recursive)
/usr/share/gcc-arm-none-eabi-13.2.rel1/bin/../lib/gcc/arm-none-eabi/13.2.1/../../../../arm-none-eabi/lib/thumb/v8-m.main+fp/hard/libc_nano.a(libc_a-closer.o)
                              /usr/share/gcc-arm-none-eabi-13.2.rel1/bin/../lib/gcc/arm-none-eabi/13.2.1/../../../../arm-none-eabi/lib/thumb/v8-m.main+fp/hard/libc_nano.a(libc_a-stdio.o) (_close_r)
/usr/share/gcc-arm-none-eabi-13.2.rel1/bin/../lib/gcc/arm-none-eabi/13.2.1/../../../../arm-none-eabi/lib/thumb/v8-m.main+fp/hard/libc_nano.a(libc_a-reent.o)
                              /usr/share/gcc-arm-none-eabi-13.2.rel1/bin/../lib/gcc/arm-none-eabi/13.2.1/../../../../arm-none-eabi/lib/thumb/v8-m.main+fp/hard/libc_nano.a(libc_a-readr.o) (errno)
/usr/share/gcc-arm-none-eabi-13.2.rel1/bin/../lib/gcc/arm-none-eabi/13.2.1/../../../../arm-none-eabi/lib/thumb/v8-m.main+fp/hard/libc_nano.a(libc_a-impure.o)
                              /usr/share/gcc-arm-none-eabi-13.2.rel1/bin/../lib/gcc/arm-none-eabi/13.2.1/../../../../arm-none-eabi/lib/thumb/v8-m.main+fp/hard/libc_nano.a(libc_a-reent.o) (_impure_ptr)
/usr/share/gcc-arm-none-eabi-13.2.rel1/bin/../lib/gcc/arm-none-eabi/13.2.1/../../../../arm-none-eabi/lib/thumb/v8-m.main+fp/hard/libc_nano.a(libc_a-fflush.o)
                              /usr/share/gcc-arm-none-eabi-13.2.rel1/bin/../lib/gcc/arm-none-eabi/13.2.1/../../../../arm-none-eabi/lib/thumb/v8-m.main+fp/hard/libc_nano.a(libc_a-findfp.o) (_fflush_r)
/usr/share/gcc-arm-none-eabi-13.2.rel1/bin/../lib/gcc/arm-none-eabi/13.2.1/../../../../arm-none-eabi/lib/thumb/v8-m.main+fp/hard/libc_nano.a(libc_a-mallocr.o)
[...]
Memory Configuration

Name             Origin             Length             Attributes
RAM              0x20000000         0x000c0000         xrw
ROM              0x08000000         0x00200000         xr
SRAM4            0x28000000         0x00004000         xrw
*default*        0x00000000         0xffffffff

Linker script and memory map

LOAD /usr/share/gcc-arm-none-eabi-13.2.rel1/bin/../lib/gcc/arm-none-eabi/13.2.1/thumb/v8-m.main+fp/hard/crti.o
LOAD /usr/share/gcc-arm-none-eabi-13.2.rel1/bin/../lib/gcc/arm-none-eabi/13.2.1/thumb/v8-m.main+fp/hard/crtbegin.o
LOAD /usr/share/gcc-arm-none-eabi-13.2.rel1/bin/../lib/gcc/arm-none-eabi/13.2.1/../../../../arm-none-eabi/lib/thumb/v8-m.main+fp/hard/crt0.o
START GROUP
LOAD /usr/share/gcc-arm-none-eabi-13.2.rel1/bin/../lib/gcc/arm-none-eabi/13.2.1/../../../../arm-none-eabi/lib/thumb/v8-m.main+fp/hard/libc_nano.a
LOAD /usr/share/gcc-arm-none-eabi-13.2.rel1/bin/../lib/gcc/arm-none-eabi/13.2.1/../../../../arm-none-eabi/lib/thumb/v8-m.main+fp/hard/libm.a
END GROUP
LOAD cmake/stm32cubemx/CMakeFiles/STM32_Drivers.dir/__/__/Core/Src/system_stm32u5xx.c.obj
LOAD cmake/stm32cubemx/CMakeFiles/STM32_Drivers.dir/__/__/Drivers/STM32U5xx_HAL_Driver/Src/stm32u5xx_hal_cortex.c.obj
LOAD cmake/stm32cubemx/CMakeFiles/STM32_Drivers.dir/__/__/Drivers/STM32U5xx_HAL_Driver/Src/stm32u5xx_hal_icache.c.obj
LOAD cmake/stm32cubemx/CMakeFiles/STM32_Drivers.dir/__/__/Drivers/STM32U5xx_HAL_Driver/Src/stm32u5xx_hal.c.obj
LOAD cmake/stm32cubemx/CMakeFiles/STM32_Drivers.dir/__/__/Drivers/STM32U5xx_HAL_Driver/Src/stm32u5xx_hal_i2c.c.obj
LOAD cmake/stm32cubemx/CMakeFiles/STM32_Drivers.dir/__/__/Drivers/STM32U5xx_HAL_Driver/Src/stm32u5xx_hal_i2c_ex.c.obj
LOAD cmake/stm32cubemx/CMakeFiles/STM32_Drivers.dir/__/__/Drivers/STM32U5xx_HAL_Driver/Src/stm32u5xx_hal_rcc.c.obj
LOAD cmake/stm32cubemx/CMakeFiles/STM32_Drivers.dir/__/__/Drivers/STM32U5xx_HAL_Driver/Src/stm32u5xx_hal_rcc_ex.c.obj
LOAD cmake/stm32cubemx/CMakeFiles/STM32_Drivers.dir/__/__/Drivers/STM32U5xx_HAL_Driver/Src/stm32u5xx_hal_flash.c.obj
LOAD cmake/stm32cubemx/CMakeFiles/STM32_Drivers.dir/__/__/Drivers/STM32U5xx_HAL_Driver/Src/stm32u5xx_hal_flash_ex.c.obj
LOAD cmake/stm32cubemx/CMakeFiles/STM32_Drivers.dir/__/__/Drivers/STM32U5xx_HAL_Driver/Src/stm32u5xx_hal_gpio.c.obj
LOAD cmake/stm32cubemx/CMakeFiles/STM32_Drivers.dir/__/__/Drivers/STM32U5xx_HAL_Driver/Src/stm32u5xx_hal_dma.c.obj
LOAD cmake/stm32cubemx/CMakeFiles/STM32_Drivers.dir/__/__/Drivers/STM32U5xx_HAL_Driver/Src/stm32u5xx_hal_dma_ex.c.obj
LOAD cmake/stm32cubemx/CMakeFiles/STM32_Drivers.dir/__/__/Drivers/STM32U5xx_HAL_Driver/Src/stm32u5xx_hal_exti.c.obj
LOAD cmake/stm32cubemx/CMakeFiles/STM32_Drivers.dir/__/__/Drivers/STM32U5xx_HAL_Driver/Src/stm32u5xx_hal_pwr.c.obj
LOAD cmake/stm32cubemx/CMakeFiles/STM32_Drivers.dir/__/__/Drivers/STM32U5xx_HAL_Driver/Src/stm32u5xx_hal_pwr_ex.c.obj
LOAD cmake/stm32cubemx/CMakeFiles/STM32_Drivers.dir/__/__/Drivers/STM32U5xx_HAL_Driver/Src/stm32u5xx_hal_gtzc.c.obj
LOAD cmake/stm32cubemx/CMakeFiles/STM32_Drivers.dir/__/__/Drivers/STM32U5xx_HAL_Driver/Src/stm32u5xx_hal_uart.c.obj
LOAD cmake/stm32cubemx/CMakeFiles/STM32_Drivers.dir/__/__/Drivers/STM32U5xx_HAL_Driver/Src/stm32u5xx_hal_uart_ex.c.obj
LOAD CMakeFiles/test_10-04-2025_exti_vs_uart.dir/Core/Src/main.c.obj
LOAD CMakeFiles/test_10-04-2025_exti_vs_uart.dir/Core/Src/stm32u5xx_it.c.obj
LOAD CMakeFiles/test_10-04-2025_exti_vs_uart.dir/Core/Src/stm32u5xx_hal_msp.c.obj
LOAD CMakeFiles/test_10-04-2025_exti_vs_uart.dir/Core/Src/sysmem.c.obj
LOAD CMakeFiles/test_10-04-2025_exti_vs_uart.dir/Core/Src/syscalls.c.obj
LOAD CMakeFiles/test_10-04-2025_exti_vs_uart.dir/startup_stm32u575xx.s.obj
START GROUP
LOAD /usr/share/gcc-arm-none-eabi-13.2.rel1/bin/../lib/gcc/arm-none-eabi/13.2.1/thumb/v8-m.main+fp/hard/libgcc.a
LOAD /usr/share/gcc-arm-none-eabi-13.2.rel1/bin/../lib/gcc/arm-none-eabi/13.2.1/../../../../arm-none-eabi/lib/thumb/v8-m.main+fp/hard/libg_nano.a
LOAD /usr/share/gcc-arm-none-eabi-13.2.rel1/bin/../lib/gcc/arm-none-eabi/13.2.1/../../../../arm-none-eabi/lib/thumb/v8-m.main+fp/hard/libc_nano.a
END GROUP
START GROUP
LOAD /usr/share/gcc-arm-none-eabi-13.2.rel1/bin/../lib/gcc/arm-none-eabi/13.2.1/thumb/v8-m.main+fp/hard/libgcc.a
LOAD /usr/share/gcc-arm-none-eabi-13.2.rel1/bin/../lib/gcc/arm-none-eabi/13.2.1/../../../../arm-none-eabi/lib/thumb/v8-m.main+fp/hard/libc_nano.a
END GROUP
LOAD /usr/share/gcc-arm-none-eabi-13.2.rel1/bin/../lib/gcc/arm-none-eabi/13.2.1/thumb/v8-m.main+fp/hard/crtend.o
LOAD /usr/share/gcc-arm-none-eabi-13.2.rel1/bin/../lib/gcc/arm-none-eabi/13.2.1/thumb/v8-m.main+fp/hard/crtn.o
                0x200c0000                        _estack = (ORIGIN (RAM) + LENGTH (RAM))
                0x00000200                        _Min_Heap_Size = 0x200
                0x00000400                        _Min_Stack_Size = 0x400

.isr_vector     0x08000000      0x238
                0x08000000                        . = ALIGN (0x8)
 *(.isr_vector)
 .isr_vector    0x08000000      0x238 CMakeFiles/test_10-04-2025_exti_vs_uart.dir/startup_stm32u575xx.s.obj
                0x08000000                g_pfnVectors
                0x08000238                        . = ALIGN (0x8)

.text           0x08000238     0x7718
                0x08000238                        . = ALIGN (0x8)
 *(.text)
 .text          0x08000238       0x30 /usr/share/gcc-arm-none-eabi-13.2.rel1/bin/../lib/gcc/arm-none-eabi/13.2.1/thumb/v8-m.main+fp/hard/libgcc.a(_aeabi_uldivmod.o)
                0x08000238                __aeabi_uldivmod
 .text          0x08000268        0x4 /usr/share/gcc-arm-none-eabi-13.2.rel1/bin/../lib/gcc/arm-none-eabi/13.2.1/thumb/v8-m.main+fp/hard/libgcc.a(_dvmd_tls.o)
                0x08000268                __aeabi_ldiv0
                0x08000268                __aeabi_idiv0
 .text          0x0800026c       0x14 /usr/share/gcc-arm-none-eabi-13.2.rel1/bin/../lib/gcc/arm-none-eabi/13.2.1/../../../../arm-none-eabi/lib/thumb/v8-m.main+fp/hard/libg_nano.a(libc_a-strcmp.o)
                0x0800026c                strcmp
 .text          0x08000280       0x10 /usr/share/gcc-arm-none-eabi-13.2.rel1/bin/../lib/gcc/arm-none-eabi/13.2.1/../../../../arm-none-eabi/lib/thumb/v8-m.main+fp/hard/libg_nano.a(libc_a-strlen.o)
                0x08000280                strlen
 *(.text*)
 .text.deregister_tm_clones
                0x08000290       0x1c /usr/share/gcc-arm-none-eabi-13.2.rel1/bin/../lib/gcc/arm-none-eabi/13.2.1/thumb/v8-m.main+fp/hard/crtbegin.o
 .text.register_tm_clones
                0x080002ac       0x28 /usr/share/gcc-arm-none-eabi-13.2.rel1/bin/../lib/gcc/arm-none-eabi/13.2.1/thumb/v8-m.main+fp/hard/crtbegin.o
 .text.__do_global_dtors_aux
                0x080002d4       0x28 /usr/share/gcc-arm-none-eabi-13.2.rel1/bin/../lib/gcc/arm-none-eabi/13.2.1/thumb/v8-m.main+fp/hard/crtbegin.o
 .text.frame_dummy
                0x080002fc       0x24 /usr/share/gcc-arm-none-eabi-13.2.rel1/bin/../lib/gcc/arm-none-eabi/13.2.1/thumb/v8-m.main+fp/hard/crtbegin.o
 .text.__libc_init_array
                0x08000320       0x48 /usr/share/gcc-arm-none-eabi-13.2.rel1/bin/../lib/gcc/arm-none-eabi/13.2.1/../../../../arm-none-eabi/lib/thumb/v8-m.main+fp/hard/libc_nano.a(libc_a-init.o)
                0x08000320                __libc_init_array
 .text.memset   0x08000368       0x10 /usr/share/gcc-arm-none-eabi-13.2.rel1/bin/../lib/gcc/arm-none-eabi/13.2.1/../../../../arm-none-eabi/lib/thumb/v8-m.main+fp/hard/libc_nano.a(libc_a-memset.o)
                0x08000368                memset
 .text.SystemInit
                0x08000378       0x70 cmake/stm32cubemx/CMakeFiles/STM32_Drivers.dir/__/__/Core/Src/system_stm32u5xx.c.obj
                0x08000378                SystemInit
 .text.__NVIC_SetPriorityGrouping
                0x080003e8       0x48 cmake/stm32cubemx/CMakeFiles/STM32_Drivers.dir/__/__/Drivers/STM32U5xx_HAL_Driver/Src/stm32u5xx_hal_cortex.c.obj
 .text.__NVIC_GetPriorityGrouping
                0x08000430       0x1c cmake/stm32cubemx/CMakeFiles/STM32_Drivers.dir/__/__/Drivers/STM32U5xx_HAL_Driver/Src/stm32u5xx_hal_cortex.c.obj
 .text.__NVIC_EnableIRQ
                0x0800044c       0x3c cmake/stm32cubemx/CMakeFiles/STM32_Drivers.dir/__/__/Drivers/STM32U5xx_HAL_Driver/Src/stm32u5xx_hal_cortex.c.obj
 .text.__NVIC_SetPriority
                0x08000488       0x54 cmake/stm32cubemx/CMakeFiles/STM32_Drivers.dir/__/__/Drivers/STM32U5xx_HAL_Driver/Src/stm32u5xx_hal_cortex.c.obj
 .text.NVIC_EncodePriority
                0x080004dc       0x66 cmake/stm32cubemx/CMakeFiles/STM32_Drivers.dir/__/__/Drivers/STM32U5xx_HAL_Driver/Src/stm32u5xx_hal_cortex.c.obj
 .text.HAL_NVIC_SetPriorityGrouping
                0x08000542       0x16 cmake/stm32cubemx/CMakeFiles/STM32_Drivers.dir/__/__/Drivers/STM32U5xx_HAL_Driver/Src/stm32u5xx_hal_cortex.c.obj
                0x08000542                HAL_NVIC_SetPriorityGrouping
 .text.HAL_NVIC_SetPriority
                0x08000558       0x34 cmake/stm32cubemx/CMakeFiles/STM32_Drivers.dir/__/__/Drivers/STM32U5xx_HAL_Driver/Src/stm32u5xx_hal_cortex.c.obj
                0x08000558                HAL_NVIC_SetPriority
 .text.HAL_NVIC_EnableIRQ
                0x0800058c       0x1c cmake/stm32cubemx/CMakeFiles/STM32_Drivers.dir/__/__/Drivers/STM32U5xx_HAL_Driver/Src/stm32u5xx_hal_cortex.c.obj
                0x0800058c                HAL_NVIC_EnableIRQ
 .text.HAL_SYSTICK_Config
                0x080005a8       0x44 cmake/stm32cubemx/CMakeFiles/STM32_Drivers.dir/__/__/Drivers/STM32U5xx_HAL_Driver/Src/stm32u5xx_hal_cortex.c.obj
                0x080005a8                HAL_SYSTICK_Config
 .text.HAL_SYSTICK_CLKSourceConfig
                0x080005ec       0xb0 cmake/stm32cubemx/CMakeFiles/STM32_Drivers.dir/__/__/Drivers/STM32U5xx_HAL_Driver/Src/stm32u5xx_hal_cortex.c.obj
                0x080005ec                HAL_SYSTICK_CLKSourceConfig
 .text.HAL_SYSTICK_GetCLKSourceConfig
                0x0800069c       0x74 cmake/stm32cubemx/CMakeFiles/STM32_Drivers.dir/__/__/Drivers/STM32U5xx_HAL_Driver/Src/stm32u5xx_hal_cortex.c.obj
                0x0800069c                HAL_SYSTICK_GetCLKSourceConfig
 .text.HAL_ICACHE_ConfigAssociativityMode
                0x08000710       0x40 cmake/stm32cubemx/CMakeFiles/STM32_Drivers.dir/__/__/Drivers/STM32U5xx_HAL_Driver/Src/stm32u5xx_hal_icache.c.obj
                0x08000710                HAL_ICACHE_ConfigAssociativityMode
 .text.HAL_ICACHE_Enable
                0x08000750       0x20 cmake/stm32cubemx/CMakeFiles/STM32_Drivers.dir/__/__/Drivers/STM32U5xx_HAL_Driver/Src/stm32u5xx_hal_icache.c.obj
                0x08000750                HAL_ICACHE_Enable
 .text.HAL_Init
                0x08000770       0x60 cmake/stm32cubemx/CMakeFiles/STM32_Drivers.dir/__/__/Drivers/STM32U5xx_HAL_Driver/Src/stm32u5xx_hal.c.obj
                0x08000770                HAL_Init
 .text.HAL_InitTick
                0x080007d0       0xec cmake/stm32cubemx/CMakeFiles/STM32_Drivers.dir/__/__/Drivers/STM32U5xx_HAL_Driver/Src/stm32u5xx_hal.c.obj
                0x080007d0                HAL_InitTick
 .text.HAL_IncTick
                0x080008bc       0x28 cmake/stm32cubemx/CMakeFiles/STM32_Drivers.dir/__/__/Drivers/STM32U5xx_HAL_Driver/Src/stm32u5xx_hal.c.obj
                0x080008bc                HAL_IncTick
 .text.HAL_GetTick
                0x080008e4       0x18 cmake/stm32cubemx/CMakeFiles/STM32_Drivers.dir/__/__/Drivers/STM32U5xx_HAL_Driver/Src/stm32u5xx_hal.c.obj
                0x080008e4                HAL_GetTick
 .text.HAL_Delay
                0x080008fc       0x48 cmake/stm32cubemx/CMakeFiles/STM32_Drivers.dir/__/__/Drivers/STM32U5xx_HAL_Driver/Src/stm32u5xx_hal.c.obj
                0x080008fc                HAL_Delay
 .text.HAL_RCC_OscConfig
                0x08000944      0xdb8 cmake/stm32cubemx/CMakeFiles/STM32_Drivers.dir/__/__/Drivers/STM32U5xx_HAL_Driver/Src/stm32u5xx_hal_rcc.c.obj
                0x08000944                HAL_RCC_OscConfig
 .text.HAL_RCC_ClockConfig
                0x080016fc      0x3e4 cmake/stm32cubemx/CMakeFiles/STM32_Drivers.dir/__/__/Drivers/STM32U5xx_HAL_Driver/Src/stm32u5xx_hal_rcc.c.obj
                0x080016fc                HAL_RCC_ClockConfig
 .text.HAL_RCC_GetSysClockFreq
                0x08001ae0      0x204 cmake/stm32cubemx/CMakeFiles/STM32_Drivers.dir/__/__/Drivers/STM32U5xx_HAL_Driver/Src/stm32u5xx_hal_rcc.c.obj
                0x08001ae0                HAL_RCC_GetSysClockFreq
 .text.HAL_RCC_GetHCLKFreq
                0x08001ce4       0x34 cmake/stm32cubemx/CMakeFiles/STM32_Drivers.dir/__/__/Drivers/STM32U5xx_HAL_Driver/Src/stm32u5xx_hal_rcc.c.obj
                0x08001ce4                HAL_RCC_GetHCLKFreq
 .text.HAL_RCC_GetPCLK1Freq
                0x08001d18       0x28 cmake/stm32cubemx/CMakeFiles/STM32_Drivers.dir/__/__/Drivers/STM32U5xx_HAL_Driver/Src/stm32u5xx_hal_rcc.c.obj
                0x08001d18                HAL_RCC_GetPCLK1Freq
 .text.HAL_RCC_GetPCLK2Freq
                0x08001d40       0x28 cmake/stm32cubemx/CMakeFiles/STM32_Drivers.dir/__/__/Drivers/STM32U5xx_HAL_Driver/Src/stm32u5xx_hal_rcc.c.obj
                0x08001d40                HAL_RCC_GetPCLK2Freq
 .text.HAL_RCC_GetPCLK3Freq
                0x08001d68       0x28 cmake/stm32cubemx/CMakeFiles/STM32_Drivers.dir/__/__/Drivers/STM32U5xx_HAL_Driver/Src/stm32u5xx_hal_rcc.c.obj
                0x08001d68                HAL_RCC_GetPCLK3Freq
 .text.RCC_SetFlashLatencyFromMSIRange
                0x08001d90      0x10c cmake/stm32cubemx/CMakeFiles/STM32_Drivers.dir/__/__/Drivers/STM32U5xx_HAL_Driver/Src/stm32u5xx_hal_rcc.c.obj
 .text.HAL_RCCEx_PeriphCLKConfig
                0x08001e9c      0xb48 cmake/stm32cubemx/CMakeFiles/STM32_Drivers.dir/__/__/Drivers/STM32U5xx_HAL_Driver/Src/stm32u5xx_hal_rcc_ex.c.obj
                0x08001e9c                HAL_RCCEx_PeriphCLKConfig
 .text.HAL_RCCEx_GetPLL1ClockFreq
                0x080029e4      0x2b4 cmake/stm32cubemx/CMakeFiles/STM32_Drivers.dir/__/__/Drivers/STM32U5xx_HAL_Driver/Src/stm32u5xx_hal_rcc_ex.c.obj
                0x080029e4                HAL_RCCEx_GetPLL1ClockFreq
 .text.HAL_RCCEx_GetPLL2ClockFreq
                0x08002c98      0x2b4 cmake/stm32cubemx/CMakeFiles/STM32_Drivers.dir/__/__/Drivers/STM32U5xx_HAL_Driver/Src/stm32u5xx_hal_rcc_ex.c.obj
                0x08002c98                HAL_RCCEx_GetPLL2ClockFreq
 .text.HAL_RCCEx_GetPLL3ClockFreq
                0x08002f4c      0x2b4 cmake/stm32cubemx/CMakeFiles/STM32_Drivers.dir/__/__/Drivers/STM32U5xx_HAL_Driver/Src/stm32u5xx_hal_rcc_ex.c.obj
                0x08002f4c                HAL_RCCEx_GetPLL3ClockFreq
 .text.HAL_RCCEx_GetPeriphCLKFreq
                0x08003200     0x136c cmake/stm32cubemx/CMakeFiles/STM32_Drivers.dir/__/__/Drivers/STM32U5xx_HAL_Driver/Src/stm32u5xx_hal_rcc_ex.c.obj
                0x08003200                HAL_RCCEx_GetPeriphCLKFreq
 .text.RCCEx_PLL2_Config
                0x0800456c      0x130 cmake/stm32cubemx/CMakeFiles/STM32_Drivers.dir/__/__/Drivers/STM32U5xx_HAL_Driver/Src/stm32u5xx_hal_rcc_ex.c.obj
 .text.RCCEx_PLL3_Config
                0x0800469c      0x130 cmake/stm32cubemx/CMakeFiles/STM32_Drivers.dir/__/__/Drivers/STM32U5xx_HAL_Driver/Src/stm32u5xx_hal_rcc_ex.c.obj
 .text.HAL_GPIO_Init
                0x080047cc      0x3b0 cmake/stm32cubemx/CMakeFiles/STM32_Drivers.dir/__/__/Drivers/STM32U5xx_HAL_Driver/Src/stm32u5xx_hal_gpio.c.obj
                0x080047cc                HAL_GPIO_Init
 .text.HAL_GPIO_ReadPin
                0x08004b7c       0x30 cmake/stm32cubemx/CMakeFiles/STM32_Drivers.dir/__/__/Drivers/STM32U5xx_HAL_Driver/Src/stm32u5xx_hal_gpio.c.obj
                0x08004b7c                HAL_GPIO_ReadPin
 .text.HAL_GPIO_WritePin
                0x08004bac       0x30 cmake/stm32cubemx/CMakeFiles/STM32_Drivers.dir/__/__/Drivers/STM32U5xx_HAL_Driver/Src/stm32u5xx_hal_gpio.c.obj
                0x08004bac                HAL_GPIO_WritePin
 .text.HAL_GPIO_EXTI_IRQHandler
                0x08004bdc       0x4c cmake/stm32cubemx/CMakeFiles/STM32_Drivers.dir/__/__/Drivers/STM32U5xx_HAL_Driver/Src/stm32u5xx_hal_gpio.c.obj
                0x08004bdc                HAL_GPIO_EXTI_IRQHandler
 .text.HAL_GPIO_EXTI_Rising_Callback
                0x08004c28       0x16 cmake/stm32cubemx/CMakeFiles/STM32_Drivers.dir/__/__/Drivers/STM32U5xx_HAL_Driver/Src/stm32u5xx_hal_gpio.c.obj
                0x08004c28                HAL_GPIO_EXTI_Rising_Callback
 .text.HAL_DMA_Abort
                0x08004c3e       0xf8 cmake/stm32cubemx/CMakeFiles/STM32_Drivers.dir/__/__/Drivers/STM32U5xx_HAL_Driver/Src/stm32u5xx_hal_dma.c.obj
                0x08004c3e                HAL_DMA_Abort
 .text.HAL_DMA_Abort_IT
                0x08004d36       0x52 cmake/stm32cubemx/CMakeFiles/STM32_Drivers.dir/__/__/Drivers/STM32U5xx_HAL_Driver/Src/stm32u5xx_hal_dma.c.obj
                0x08004d36                HAL_DMA_Abort_IT
 .text.HAL_PWREx_ControlVoltageScaling
                0x08004d88       0xfc cmake/stm32cubemx/CMakeFiles/STM32_Drivers.dir/__/__/Drivers/STM32U5xx_HAL_Driver/Src/stm32u5xx_hal_pwr_ex.c.obj
                0x08004d88                HAL_PWREx_ControlVoltageScaling
 .text.HAL_PWREx_GetVoltageRange
                0x08004e84       0x1c cmake/stm32cubemx/CMakeFiles/STM32_Drivers.dir/__/__/Drivers/STM32U5xx_HAL_Driver/Src/stm32u5xx_hal_pwr_ex.c.obj
                0x08004e84                HAL_PWREx_GetVoltageRange
 .text.HAL_PWREx_ConfigSupply
                0x08004ea0       0xa0 cmake/stm32cubemx/CMakeFiles/STM32_Drivers.dir/__/__/Drivers/STM32U5xx_HAL_Driver/Src/stm32u5xx_hal_pwr_ex.c.obj
                0x08004ea0                HAL_PWREx_ConfigSupply
 .text.HAL_PWREx_EnableVddIO2
                0x08004f40       0x20 cmake/stm32cubemx/CMakeFiles/STM32_Drivers.dir/__/__/Drivers/STM32U5xx_HAL_Driver/Src/stm32u5xx_hal_pwr_ex.c.obj
                0x08004f40                HAL_PWREx_EnableVddIO2
 .text.HAL_PWREx_DisableUCPDDeadBattery
                0x08004f60       0x20 cmake/stm32cubemx/CMakeFiles/STM32_Drivers.dir/__/__/Drivers/STM32U5xx_HAL_Driver/Src/stm32u5xx_hal_pwr_ex.c.obj
                0x08004f60                HAL_PWREx_DisableUCPDDeadBattery
 .text.HAL_UART_Init
                0x08004f80       0xa0 cmake/stm32cubemx/CMakeFiles/STM32_Drivers.dir/__/__/Drivers/STM32U5xx_HAL_Driver/Src/stm32u5xx_hal_uart.c.obj
                0x08004f80                HAL_UART_Init
 .text.HAL_UART_Transmit
                0x08005020      0x13c cmake/stm32cubemx/CMakeFiles/STM32_Drivers.dir/__/__/Drivers/STM32U5xx_HAL_Driver/Src/stm32u5xx_hal_uart.c.obj
                0x08005020                HAL_UART_Transmit
 .text.HAL_UART_Receive_IT
                0x0800515c       0xc4 cmake/stm32cubemx/CMakeFiles/STM32_Drivers.dir/__/__/Drivers/STM32U5xx_HAL_Driver/Src/stm32u5xx_hal_uart.c.obj
                0x0800515c                HAL_UART_Receive_IT
 .text.HAL_UART_IRQHandler
                0x08005220      0x5b0 cmake/stm32cubemx/CMakeFiles/STM32_Drivers.dir/__/__/Drivers/STM32U5xx_HAL_Driver/Src/stm32u5xx_hal_uart.c.obj
                0x08005220                HAL_UART_IRQHandler
 .text.HAL_UART_TxCpltCallback
                0x080057d0       0x14 cmake/stm32cubemx/CMakeFiles/STM32_Drivers.dir/__/__/Drivers/STM32U5xx_HAL_Driver/Src/stm32u5xx_hal_uart.c.obj
                0x080057d0                HAL_UART_TxCpltCallback
 .text.HAL_UART_ErrorCallback
                0x080057e4       0x14 cmake/stm32cubemx/CMakeFiles/STM32_Drivers.dir/__/__/Drivers/STM32U5xx_HAL_Driver/Src/stm32u5xx_hal_uart.c.obj
                0x080057e4                HAL_UART_ErrorCallback
 .text.HAL_UARTEx_RxEventCallback
                0x080057f8       0x18 cmake/stm32cubemx/CMakeFiles/STM32_Drivers.dir/__/__/Drivers/STM32U5xx_HAL_Driver/Src/stm32u5xx_hal_uart.c.obj
                0x080057f8                HAL_UARTEx_RxEventCallback
 .text.UART_SetConfig
                0x08005810      0x344 cmake/stm32cubemx/CMakeFiles/STM32_Drivers.dir/__/__/Drivers/STM32U5xx_HAL_Driver/Src/stm32u5xx_hal_uart.c.obj
                0x08005810                UART_SetConfig
 .text.UART_AdvFeatureConfig
                0x08005b54      0x144 cmake/stm32cubemx/CMakeFiles/STM32_Drivers.dir/__/__/Drivers/STM32U5xx_HAL_Driver/Src/stm32u5xx_hal_uart.c.obj
                0x08005b54                UART_AdvFeatureConfig
 .text.UART_CheckIdleState
                0x08005c98      0x154 cmake/stm32cubemx/CMakeFiles/STM32_Drivers.dir/__/__/Drivers/STM32U5xx_HAL_Driver/Src/stm32u5xx_hal_uart.c.obj
                0x08005c98                UART_CheckIdleState
 .text.UART_WaitOnFlagUntilTimeout
                0x08005dec       0xda cmake/stm32cubemx/CMakeFiles/STM32_Drivers.dir/__/__/Drivers/STM32U5xx_HAL_Driver/Src/stm32u5xx_hal_uart.c.obj
                0x08005dec                UART_WaitOnFlagUntilTimeout
 *fill*         0x08005ec6        0x2 
 .text.UART_Start_Receive_IT
                0x08005ec8      0x244 cmake/stm32cubemx/CMakeFiles/STM32_Drivers.dir/__/__/Drivers/STM32U5xx_HAL_Driver/Src/stm32u5xx_hal_uart.c.obj
                0x08005ec8                UART_Start_Receive_IT
 .text.UART_EndRxTransfer
                0x0800610c       0xcc cmake/stm32cubemx/CMakeFiles/STM32_Drivers.dir/__/__/Drivers/STM32U5xx_HAL_Driver/Src/stm32u5xx_hal_uart.c.obj
 .text.UART_DMAAbortOnError
                0x080061d8       0x24 cmake/stm32cubemx/CMakeFiles/STM32_Drivers.dir/__/__/Drivers/STM32U5xx_HAL_Driver/Src/stm32u5xx_hal_uart.c.obj
 .text.UART_EndTransmit_IT
                0x080061fc       0x56 cmake/stm32cubemx/CMakeFiles/STM32_Drivers.dir/__/__/Drivers/STM32U5xx_HAL_Driver/Src/stm32u5xx_hal_uart.c.obj
 *fill*         0x08006252        0x2 
 .text.UART_RxISR_8BIT
                0x08006254      0x1c4 cmake/stm32cubemx/CMakeFiles/STM32_Drivers.dir/__/__/Drivers/STM32U5xx_HAL_Driver/Src/stm32u5xx_hal_uart.c.obj
 .text.UART_RxISR_16BIT
                0x08006418      0x1c4 cmake/stm32cubemx/CMakeFiles/STM32_Drivers.dir/__/__/Drivers/STM32U5xx_HAL_Driver/Src/stm32u5xx_hal_uart.c.obj
 .text.UART_RxISR_8BIT_FIFOEN
                0x080065dc      0x370 cmake/stm32cubemx/CMakeFiles/STM32_Drivers.dir/__/__/Drivers/STM32U5xx_HAL_Driver/Src/stm32u5xx_hal_uart.c.obj
 .text.UART_RxISR_16BIT_FIFOEN
                0x0800694c      0x378 cmake/stm32cubemx/CMakeFiles/STM32_Drivers.dir/__/__/Drivers/STM32U5xx_HAL_Driver/Src/stm32u5xx_hal_uart.c.obj
 .text.HAL_UARTEx_RxFifoFullCallback
                0x08006cc4       0x14 cmake/stm32cubemx/CMakeFiles/STM32_Drivers.dir/__/__/Drivers/STM32U5xx_HAL_Driver/Src/stm32u5xx_hal_uart_ex.c.obj
                0x08006cc4                HAL_UARTEx_RxFifoFullCallback
 .text.HAL_UARTEx_TxFifoEmptyCallback
                0x08006cd8       0x14 cmake/stm32cubemx/CMakeFiles/STM32_Drivers.dir/__/__/Drivers/STM32U5xx_HAL_Driver/Src/stm32u5xx_hal_uart_ex.c.obj
                0x08006cd8                HAL_UARTEx_TxFifoEmptyCallback
 .text.HAL_UARTEx_DisableFifoMode
                0x08006cec       0x72 cmake/stm32cubemx/CMakeFiles/STM32_Drivers.dir/__/__/Drivers/STM32U5xx_HAL_Driver/Src/stm32u5xx_hal_uart_ex.c.obj
                0x08006cec                HAL_UARTEx_DisableFifoMode
 .text.HAL_UARTEx_SetTxFifoThreshold
                0x08006d5e       0x7c cmake/stm32cubemx/CMakeFiles/STM32_Drivers.dir/__/__/Drivers/STM32U5xx_HAL_Driver/Src/stm32u5xx_hal_uart_ex.c.obj
                0x08006d5e                HAL_UARTEx_SetTxFifoThreshold
 .text.HAL_UARTEx_SetRxFifoThreshold
                0x08006dda       0x7c cmake/stm32cubemx/CMakeFiles/STM32_Drivers.dir/__/__/Drivers/STM32U5xx_HAL_Driver/Src/stm32u5xx_hal_uart_ex.c.obj
                0x08006dda                HAL_UARTEx_SetRxFifoThreshold
 *fill*         0x08006e56        0x2 
 .text.UARTEx_SetNbDataToProcess
                0x08006e58       0x9c cmake/stm32cubemx/CMakeFiles/STM32_Drivers.dir/__/__/Drivers/STM32U5xx_HAL_Driver/Src/stm32u5xx_hal_uart_ex.c.obj
 .text.main     0x08006ef4       0x98 CMakeFiles/test_10-04-2025_exti_vs_uart.dir/Core/Src/main.c.obj
                0x08006ef4                main
 .text.SystemClock_Config
                0x08006f8c       0xb4 CMakeFiles/test_10-04-2025_exti_vs_uart.dir/Core/Src/main.c.obj
                0x08006f8c                SystemClock_Config
 .text.SystemPower_Config
                0x08007040       0x20 CMakeFiles/test_10-04-2025_exti_vs_uart.dir/Core/Src/main.c.obj
 .text.MX_ICACHE_Init
                0x08007060       0x26 CMakeFiles/test_10-04-2025_exti_vs_uart.dir/Core/Src/main.c.obj
 *fill*         0x08007086        0x2 
 .text.MX_USART2_UART_Init
                0x08007088       0x98 CMakeFiles/test_10-04-2025_exti_vs_uart.dir/Core/Src/main.c.obj
 .text.MX_GPIO_Init
                0x08007120      0x154 CMakeFiles/test_10-04-2025_exti_vs_uart.dir/Core/Src/main.c.obj
 .text.EXTI13_IRQHandler_Config
                0x08007274       0x18 CMakeFiles/test_10-04-2025_exti_vs_uart.dir/Core/Src/main.c.obj
 .text.HAL_GPIO_EXTI_Falling_Callback
                0x0800728c       0x44 CMakeFiles/test_10-04-2025_exti_vs_uart.dir/Core/Src/main.c.obj
                0x0800728c                HAL_GPIO_EXTI_Falling_Callback
 .text.HAL_UART_RxCpltCallback
                0x080072d0      0x164 CMakeFiles/test_10-04-2025_exti_vs_uart.dir/Core/Src/main.c.obj
                0x080072d0                HAL_UART_RxCpltCallback
 .text.Error_Handler
                0x08007434        0xc CMakeFiles/test_10-04-2025_exti_vs_uart.dir/Core/Src/main.c.obj
                0x08007434                Error_Handler
 .text.NMI_Handler
                0x08007440        0x8 CMakeFiles/test_10-04-2025_exti_vs_uart.dir/Core/Src/stm32u5xx_it.c.obj
                0x08007440                NMI_Handler
 .text.HardFault_Handler
                0x08007448        0x8 CMakeFiles/test_10-04-2025_exti_vs_uart.dir/Core/Src/stm32u5xx_it.c.obj
                0x08007448                HardFault_Handler
 .text.MemManage_Handler
                0x08007450        0x8 CMakeFiles/test_10-04-2025_exti_vs_uart.dir/Core/Src/stm32u5xx_it.c.obj
                0x08007450                MemManage_Handler
 .text.BusFault_Handler
                0x08007458        0x8 CMakeFiles/test_10-04-2025_exti_vs_uart.dir/Core/Src/stm32u5xx_it.c.obj
                0x08007458                BusFault_Handler
 .text.UsageFault_Handler
                0x08007460        0x8 CMakeFiles/test_10-04-2025_exti_vs_uart.dir/Core/Src/stm32u5xx_it.c.obj
                0x08007460                UsageFault_Handler
 .text.SVC_Handler
                0x08007468        0xe CMakeFiles/test_10-04-2025_exti_vs_uart.dir/Core/Src/stm32u5xx_it.c.obj
                0x08007468                SVC_Handler
 .text.DebugMon_Handler
                0x08007476        0xe CMakeFiles/test_10-04-2025_exti_vs_uart.dir/Core/Src/stm32u5xx_it.c.obj
                0x08007476                DebugMon_Handler
 .text.PendSV_Handler
                0x08007484        0xe CMakeFiles/test_10-04-2025_exti_vs_uart.dir/Core/Src/stm32u5xx_it.c.obj
                0x08007484                PendSV_Handler
 .text.SysTick_Handler
                0x08007492        0xc CMakeFiles/test_10-04-2025_exti_vs_uart.dir/Core/Src/stm32u5xx_it.c.obj
                0x08007492                SysTick_Handler
 .text.EXTI13_IRQHandler
                0x0800749e       0x10 CMakeFiles/test_10-04-2025_exti_vs_uart.dir/Core/Src/stm32u5xx_it.c.obj
                0x0800749e                EXTI13_IRQHandler
 *fill*         0x080074ae        0x2 
 .text.USART2_IRQHandler
                0x080074b0       0x14 CMakeFiles/test_10-04-2025_exti_vs_uart.dir/Core/Src/stm32u5xx_it.c.obj
                0x080074b0                USART2_IRQHandler
 .text.HAL_MspInit
                0x080074c4       0x3c CMakeFiles/test_10-04-2025_exti_vs_uart.dir/Core/Src/stm32u5xx_hal_msp.c.obj
                0x080074c4                HAL_MspInit
 .text.HAL_UART_MspInit
                0x08007500       0xe0 CMakeFiles/test_10-04-2025_exti_vs_uart.dir/Core/Src/stm32u5xx_hal_msp.c.obj
                0x08007500                HAL_UART_MspInit
 .text.Reset_Handler
                0x080075e0       0x50 CMakeFiles/test_10-04-2025_exti_vs_uart.dir/startup_stm32u575xx.s.obj
                0x080075e0                Reset_Handler
 .text.Default_Handler
                0x08007630        0x2 CMakeFiles/test_10-04-2025_exti_vs_uart.dir/startup_stm32u575xx.s.obj
                0x08007630                EXTI2_IRQHandler
                0x08007630                TIM8_TRG_COM_IRQHandler
                0x08007630                TIM8_CC_IRQHandler
                0x08007630                EXTI5_IRQHandler
                0x08007630                FLASH_S_IRQHandler
                0x08007630                TIM1_CC_IRQHandler
                0x08007630                TSC_IRQHandler
                0x08007630                TAMP_IRQHandler
                0x08007630                TIM6_IRQHandler
                0x08007630                EXTI12_IRQHandler
                0x08007630                CORDIC_IRQHandler
                0x08007630                EXTI3_IRQHandler
                0x08007630                LPTIM4_IRQHandler
                0x08007630                GPDMA1_Channel5_IRQHandler
                0x08007630                EXTI8_IRQHandler
                0x08007630                LPTIM2_IRQHandler
                0x08007630                I2C3_ER_IRQHandler
                0x08007630                PWR_S3WU_IRQHandler
                0x08007630                MDF1_FLT2_IRQHandler
                0x08007630                LPDMA1_Channel3_IRQHandler
                0x08007630                LPTIM3_IRQHandler
                0x08007630                EXTI0_IRQHandler
                0x08007630                I2C2_EV_IRQHandler
                0x08007630                FPU_IRQHandler
                0x08007630                GPDMA1_Channel3_IRQHandler
                0x08007630                GPDMA1_Channel7_IRQHandler
                0x08007630                MDF1_FLT4_IRQHandler
                0x08007630                FDCAN1_IT1_IRQHandler
                0x08007630                RAMCFG_IRQHandler
                0x08007630                GPDMA1_Channel9_IRQHandler
                0x08007630                DCACHE1_IRQHandler
                0x08007630                SPI1_IRQHandler
                0x08007630                OCTOSPI1_IRQHandler
                0x08007630                GPDMA1_Channel2_IRQHandler
                0x08007630                TIM8_UP_IRQHandler
                0x08007630                RCC_S_IRQHandler
                0x08007630                OCTOSPI2_IRQHandler
                0x08007630                SAI2_IRQHandler
                0x08007630                MDF1_FLT1_IRQHandler
                0x08007630                ADC1_IRQHandler
                0x08007630                MDF1_FLT5_IRQHandler
                0x08007630                EXTI15_IRQHandler
                0x08007630                TIM17_IRQHandler
                0x08007630                USART3_IRQHandler
                0x08007630                RTC_IRQHandler
                0x08007630                EXTI9_IRQHandler
                0x08007630                UART5_IRQHandler
                0x08007630                TIM4_IRQHandler
                0x08007630                I2C1_EV_IRQHandler
                0x08007630                GPDMA1_Channel12_IRQHandler
                0x08007630                GPDMA1_Channel1_IRQHandler
                0x08007630                TIM16_IRQHandler
                0x08007630                GPDMA1_Channel15_IRQHandler
                0x08007630                UART4_IRQHandler
                0x08007630                SecureFault_Handler
                0x08007630                TIM3_IRQHandler
                0x08007630                RCC_IRQHandler
                0x08007630                TIM1_TRG_COM_IRQHandler
                0x08007630                Default_Handler
                0x08007630                GPDMA1_Channel8_IRQHandler
                0x08007630                FMAC_IRQHandler
                0x08007630                GPDMA1_Channel11_IRQHandler
                0x08007630                TIM7_IRQHandler
                0x08007630                SDMMC1_IRQHandler
                0x08007630                TIM5_IRQHandler
                0x08007630                UCPD1_IRQHandler
                0x08007630                GPDMA1_Channel0_IRQHandler
                0x08007630                TIM15_IRQHandler
                0x08007630                I2C3_EV_IRQHandler
                0x08007630                LPDMA1_Channel0_IRQHandler
                0x08007630                PVD_PVM_IRQHandler
                0x08007630                SPI2_IRQHandler
                0x08007630                LPDMA1_Channel1_IRQHandler
                0x08007630                EXTI14_IRQHandler
                0x08007630                EXTI11_IRQHandler
                0x08007630                CRS_IRQHandler
                0x08007630                GPDMA1_Channel14_IRQHandler
                0x08007630                LSECSSD_IRQHandler
                0x08007630                EXTI4_IRQHandler
                0x08007630                RTC_S_IRQHandler
                0x08007630                GPDMA1_Channel13_IRQHandler
                0x08007630                RNG_IRQHandler
                0x08007630                COMP_IRQHandler
                0x08007630                TIM1_UP_IRQHandler
                0x08007630                ADC4_IRQHandler
                0x08007630                WWDG_IRQHandler
                0x08007630                I2C4_EV_IRQHandler
                0x08007630                ADF1_IRQHandler
                0x08007630                IWDG_IRQHandler
                0x08007630                LPUART1_IRQHandler
                0x08007630                MDF1_FLT0_IRQHandler
                0x08007630                FDCAN1_IT0_IRQHandler
                0x08007630                TIM2_IRQHandler
                0x08007630                GPDMA1_Channel4_IRQHandler
                0x08007630                EXTI7_IRQHandler
                0x08007630                DMA2D_IRQHandler
                0x08007630                TIM1_BRK_IRQHandler
                0x08007630                EXTI1_IRQHandler
                0x08007630                SDMMC2_IRQHandler
                0x08007630                DAC1_IRQHandler
                0x08007630                GTZC_IRQHandler
                0x08007630                MDF1_FLT3_IRQHandler
                0x08007630                GPDMA1_Channel6_IRQHandler
                0x08007630                I2C2_ER_IRQHandler
                0x08007630                TIM8_BRK_IRQHandler
                0x08007630                FLASH_IRQHandler
                0x08007630                USART1_IRQHandler
                0x08007630                EXTI10_IRQHandler
                0x08007630                OTG_FS_IRQHandler
                0x08007630                SPI3_IRQHandler
                0x08007630                LPDMA1_Channel2_IRQHandler
                0x08007630                I2C1_ER_IRQHandler
                0x08007630                FMC_IRQHandler
                0x08007630                EXTI6_IRQHandler
                0x08007630                LPTIM1_IRQHandler
                0x08007630                DCMI_PSSI_IRQHandler
                0x08007630                I2C4_ER_IRQHandler
                0x08007630                GPDMA1_Channel10_IRQHandler
                0x08007630                ICACHE_IRQHandler
                0x08007630                SAI1_IRQHandler
                0x08007630                HASH_IRQHandler
 *fill*         0x08007632        0x2 
 .text.__udivmoddi4
                0x08007634      0x300 /usr/share/gcc-arm-none-eabi-13.2.rel1/bin/../lib/gcc/arm-none-eabi/13.2.1/thumb/v8-m.main+fp/hard/libgcc.a(_udivmoddi4.o)
                0x08007634                __udivmoddi4
 *(.glue_7)
 .glue_7        0x08007934        0x0 linker stubs
 *(.glue_7t)
 .glue_7t       0x08007934        0x0 linker stubs
 *(.eh_frame)
 .eh_frame      0x08007934        0x0 /usr/share/gcc-arm-none-eabi-13.2.rel1/bin/../lib/gcc/arm-none-eabi/13.2.1/thumb/v8-m.main+fp/hard/crtbegin.o
 *(.init)
 .init          0x08007934        0x4 /usr/share/gcc-arm-none-eabi-13.2.rel1/bin/../lib/gcc/arm-none-eabi/13.2.1/thumb/v8-m.main+fp/hard/crti.o
                0x08007934                _init
 .init          0x08007938        0x8 /usr/share/gcc-arm-none-eabi-13.2.rel1/bin/../lib/gcc/arm-none-eabi/13.2.1/thumb/v8-m.main+fp/hard/crtn.o
 *(.fini)
 .fini          0x08007940        0x4 /usr/share/gcc-arm-none-eabi-13.2.rel1/bin/../lib/gcc/arm-none-eabi/13.2.1/thumb/v8-m.main+fp/hard/crti.o
                0x08007940                _fini
 .fini          0x08007944        0x8 /usr/share/gcc-arm-none-eabi-13.2.rel1/bin/../lib/gcc/arm-none-eabi/13.2.1/thumb/v8-m.main+fp/hard/crtn.o
                0x08007950                        . = ALIGN (0x8)
 *fill*         0x0800794c        0x4 
                0x08007950                        _etext = .

.vfp11_veneer   0x08007950        0x0
 .vfp11_veneer  0x08007950        0x0 linker stubs

.v4_bx          0x08007950        0x0
 .v4_bx         0x08007950        0x0 linker stubs

.iplt           0x08007950        0x0
 .iplt          0x08007950        0x0 /usr/share/gcc-arm-none-eabi-13.2.rel1/bin/../lib/gcc/arm-none-eabi/13.2.1/thumb/v8-m.main+fp/hard/crtbegin.o

.rodata         0x08007950      0x138
                0x08007950                        . = ALIGN (0x8)
 *(.rodata)
 .rodata        0x08007950       0x35 CMakeFiles/test_10-04-2025_exti_vs_uart.dir/Core/Src/main.c.obj
 *(.rodata*)
 *fill*         0x08007985        0x3 
 .rodata.AHBPrescTable
                0x08007988       0x10 cmake/stm32cubemx/CMakeFiles/STM32_Drivers.dir/__/__/Core/Src/system_stm32u5xx.c.obj
                0x08007988                AHBPrescTable
 .rodata.APBPrescTable
                0x08007998        0x8 cmake/stm32cubemx/CMakeFiles/STM32_Drivers.dir/__/__/Core/Src/system_stm32u5xx.c.obj
                0x08007998                APBPrescTable
 .rodata.MSIRangeTable
                0x080079a0       0x40 cmake/stm32cubemx/CMakeFiles/STM32_Drivers.dir/__/__/Core/Src/system_stm32u5xx.c.obj
                0x080079a0                MSIRangeTable
 .rodata.LPGPIO_Map
                0x080079e0       0x80 cmake/stm32cubemx/CMakeFiles/STM32_Drivers.dir/__/__/Drivers/STM32U5xx_HAL_Driver/Src/stm32u5xx_hal_gpio.c.obj
 .rodata.UARTPrescTable
                0x08007a60       0x18 cmake/stm32cubemx/CMakeFiles/STM32_Drivers.dir/__/__/Drivers/STM32U5xx_HAL_Driver/Src/stm32u5xx_hal_uart.c.obj
                0x08007a60                UARTPrescTable
 .rodata.numerator.1
                0x08007a78        0x8 cmake/stm32cubemx/CMakeFiles/STM32_Drivers.dir/__/__/Drivers/STM32U5xx_HAL_Driver/Src/stm32u5xx_hal_uart_ex.c.obj
 .rodata.denominator.0
                0x08007a80        0x8 cmake/stm32cubemx/CMakeFiles/STM32_Drivers.dir/__/__/Drivers/STM32U5xx_HAL_Driver/Src/stm32u5xx_hal_uart_ex.c.obj
                0x08007a88                        . = ALIGN (0x8)

.ARM.extab      0x08007a88        0x0
                0x08007a88                        . = ALIGN (0x8)
 *(.ARM.extab* .gnu.linkonce.armextab.*)
                0x08007a88                        . = ALIGN (0x8)

.ARM            0x08007a88        0x8
                0x08007a88                        . = ALIGN (0x8)
                0x08007a88                        __exidx_start = .
 *(.ARM.exidx*)
 .ARM.exidx     0x08007a88        0x8 /usr/share/gcc-arm-none-eabi-13.2.rel1/bin/../lib/gcc/arm-none-eabi/13.2.1/../../../../arm-none-eabi/lib/thumb/v8-m.main+fp/hard/libg_nano.a(libc_a-strcmp.o)
 .ARM.exidx     0x08007a90        0x0 /usr/share/gcc-arm-none-eabi-13.2.rel1/bin/../lib/gcc/arm-none-eabi/13.2.1/../../../../arm-none-eabi/lib/thumb/v8-m.main+fp/hard/libg_nano.a(libc_a-strlen.o)
                                  0x8 (size before relaxing)
 .ARM.exidx.text.__udivmoddi4
                0x08007a90        0x0 /usr/share/gcc-arm-none-eabi-13.2.rel1/bin/../lib/gcc/arm-none-eabi/13.2.1/thumb/v8-m.main+fp/hard/libgcc.a(_udivmoddi4.o)
                                  0x8 (size before relaxing)
                0x08007a90                        __exidx_end = .
                0x08007a90                        . = ALIGN (0x8)

.preinit_array  0x08007a90        0x0
                0x08007a90                        . = ALIGN (0x8)
                0x08007a90                        PROVIDE (__preinit_array_start = .)
 *(.preinit_array*)
                0x08007a90                        PROVIDE (__preinit_array_end = .)
                0x08007a90                        . = ALIGN (0x8)

.init_array     0x08007a90        0x8
                0x08007a90                        . = ALIGN (0x8)
                0x08007a90                        PROVIDE (__init_array_start = .)
 *(SORT_BY_NAME(.init_array.*))
 *(.init_array*)
 .init_array    0x08007a90        0x4 /usr/share/gcc-arm-none-eabi-13.2.rel1/bin/../lib/gcc/arm-none-eabi/13.2.1/thumb/v8-m.main+fp/hard/crtbegin.o
                0x08007a94                        PROVIDE (__init_array_end = .)
                0x08007a98                        . = ALIGN (0x8)
 *fill*         0x08007a94        0x4 

.fini_array     0x08007a98        0x8
                0x08007a98                        . = ALIGN (0x8)
                [!provide]                        PROVIDE (__fini_array_start = .)
 *(SORT_BY_NAME(.fini_array.*))
 *(.fini_array*)
 .fini_array    0x08007a98        0x4 /usr/share/gcc-arm-none-eabi-13.2.rel1/bin/../lib/gcc/arm-none-eabi/13.2.1/thumb/v8-m.main+fp/hard/crtbegin.o
                [!provide]                        PROVIDE (__fini_array_end = .)
                0x08007aa0                        . = ALIGN (0x8)
 *fill*         0x08007a9c        0x4 
                0x08007aa0                        _sidata = LOADADDR (.data)

.rel.dyn        0x08007aa0        0x0
 .rel.iplt      0x08007aa0        0x0 /usr/share/gcc-arm-none-eabi-13.2.rel1/bin/../lib/gcc/arm-none-eabi/13.2.1/thumb/v8-m.main+fp/hard/crtbegin.o

.data           0x20000000       0x10 load address 0x08007aa0
                0x20000000                        . = ALIGN (0x8)
                0x20000000                        _sdata = .
 *(.data)
 *(.data*)
 .data.SystemCoreClock
                0x20000000        0x4 cmake/stm32cubemx/CMakeFiles/STM32_Drivers.dir/__/__/Core/Src/system_stm32u5xx.c.obj
                0x20000000                SystemCoreClock
 .data.uwTickPrio
                0x20000004        0x4 cmake/stm32cubemx/CMakeFiles/STM32_Drivers.dir/__/__/Drivers/STM32U5xx_HAL_Driver/Src/stm32u5xx_hal.c.obj
                0x20000004                uwTickPrio
 .data.uwTickFreq
                0x20000008        0x1 cmake/stm32cubemx/CMakeFiles/STM32_Drivers.dir/__/__/Drivers/STM32U5xx_HAL_Driver/Src/stm32u5xx_hal.c.obj
                0x20000008                uwTickFreq
                0x20000010                        . = ALIGN (0x8)
 *fill*         0x20000009        0x7 
                0x20000010                        _edata = .

.tm_clone_table
                0x20000010        0x0 load address 0x08007ab0
 .tm_clone_table
                0x20000010        0x0 /usr/share/gcc-arm-none-eabi-13.2.rel1/bin/../lib/gcc/arm-none-eabi/13.2.1/thumb/v8-m.main+fp/hard/crtbegin.o
 .tm_clone_table
                0x20000010        0x0 /usr/share/gcc-arm-none-eabi-13.2.rel1/bin/../lib/gcc/arm-none-eabi/13.2.1/thumb/v8-m.main+fp/hard/crtend.o

.igot.plt       0x20000010        0x0 load address 0x08007ab0
 .igot.plt      0x20000010        0x0 /usr/share/gcc-arm-none-eabi-13.2.rel1/bin/../lib/gcc/arm-none-eabi/13.2.1/thumb/v8-m.main+fp/hard/crtbegin.o
                0x20000010                        . = ALIGN (0x8)

.bss            0x20000010      0x178 load address 0x08007ab0
                0x20000010                        _sbss = .
                0x20000010                        __bss_start__ = _sbss
 *(.bss)
 *(.bss*)
 .bss.completed.1
                0x20000010        0x1 /usr/share/gcc-arm-none-eabi-13.2.rel1/bin/../lib/gcc/arm-none-eabi/13.2.1/thumb/v8-m.main+fp/hard/crtbegin.o
 *fill*         0x20000011        0x3 
 .bss.object.0  0x20000014       0x18 /usr/share/gcc-arm-none-eabi-13.2.rel1/bin/../lib/gcc/arm-none-eabi/13.2.1/thumb/v8-m.main+fp/hard/crtbegin.o
 .bss.uwTick    0x2000002c        0x4 cmake/stm32cubemx/CMakeFiles/STM32_Drivers.dir/__/__/Drivers/STM32U5xx_HAL_Driver/Src/stm32u5xx_hal.c.obj
                0x2000002c                uwTick
 .bss.Init_BLUE_LED
                0x20000030       0x14 CMakeFiles/test_10-04-2025_exti_vs_uart.dir/Core/Src/main.c.obj
                0x20000030                Init_BLUE_LED
 .bss.Init_RED_LED
                0x20000044       0x14 CMakeFiles/test_10-04-2025_exti_vs_uart.dir/Core/Src/main.c.obj
                0x20000044                Init_RED_LED
 .bss.Init_GREEN_LED
                0x20000058       0x14 CMakeFiles/test_10-04-2025_exti_vs_uart.dir/Core/Src/main.c.obj
                0x20000058                Init_GREEN_LED
 .bss.EXTI_Button
                0x2000006c       0x14 CMakeFiles/test_10-04-2025_exti_vs_uart.dir/Core/Src/main.c.obj
                0x2000006c                EXTI_Button
 .bss.huart2    0x20000080       0x94 CMakeFiles/test_10-04-2025_exti_vs_uart.dir/Core/Src/main.c.obj
                0x20000080                huart2
 .bss.rx_indx   0x20000114        0x1 CMakeFiles/test_10-04-2025_exti_vs_uart.dir/Core/Src/main.c.obj
                0x20000114                rx_indx
 *fill*         0x20000115        0x3 
 .bss.rx_data   0x20000118        0x2 CMakeFiles/test_10-04-2025_exti_vs_uart.dir/Core/Src/main.c.obj
                0x20000118                rx_data
 *fill*         0x2000011a        0x2 
 .bss.rx_buffer
                0x2000011c       0x64 CMakeFiles/test_10-04-2025_exti_vs_uart.dir/Core/Src/main.c.obj
                0x2000011c                rx_buffer
 .bss.transfer_cplt
                0x20000180        0x1 CMakeFiles/test_10-04-2025_exti_vs_uart.dir/Core/Src/main.c.obj
                0x20000180                transfer_cplt
 *(COMMON)
                0x20000188                        . = ALIGN (0x8)
 *fill*         0x20000181        0x7 
                0x20000188                        _ebss = .
                0x20000188                        __bss_end__ = _ebss

._user_heap_stack
                0x20000188      0x600 load address 0x08007ab0
                0x20000188                        . = ALIGN (0x8)
                [!provide]                        PROVIDE (end = .)
                0x20000188                        PROVIDE (_end = .)
                0x20000388                        . = (. + _Min_Heap_Size)
 *fill*         0x20000188      0x200 
                0x20000788                        . = (. + _Min_Stack_Size)
 *fill*         0x20000388      0x400 
                0x20000788                        . = ALIGN (0x8)

/DISCARD/
 libc.a(*)
 libm.a(*)
 libgcc.a(*)

.ARM.attributes
                0x00000000       0x36
 *(.ARM.attributes)
 .ARM.attributes
                0x00000000       0x26 /usr/share/gcc-arm-none-eabi-13.2.rel1/bin/../lib/gcc/arm-none-eabi/13.2.1/thumb/v8-m.main+fp/hard/crti.o
 .ARM.attributes
                0x00000026       0x38 /usr/share/gcc-arm-none-eabi-13.2.rel1/bin/../lib/gcc/arm-none-eabi/13.2.1/thumb/v8-m.main+fp/hard/crtbegin.o
 .ARM.attributes
                0x0000005e       0x38 /usr/share/gcc-arm-none-eabi-13.2.rel1/bin/../lib/gcc/arm-none-eabi/13.2.1/../../../../arm-none-eabi/lib/thumb/v8-m.main+fp/hard/libc_nano.a(libc_a-init.o)
 .ARM.attributes
                0x00000096       0x38 /usr/share/gcc-arm-none-eabi-13.2.rel1/bin/../lib/gcc/arm-none-eabi/13.2.1/../../../../arm-none-eabi/lib/thumb/v8-m.main+fp/hard/libc_nano.a(libc_a-memset.o)
 .ARM.attributes
                0x000000ce       0x3a cmake/stm32cubemx/CMakeFiles/STM32_Drivers.dir/__/__/Core/Src/system_stm32u5xx.c.obj
 .ARM.attributes
                0x00000108       0x3a cmake/stm32cubemx/CMakeFiles/STM32_Drivers.dir/__/__/Drivers/STM32U5xx_HAL_Driver/Src/stm32u5xx_hal_cortex.c.obj
 .ARM.attributes
                0x00000142       0x3a cmake/stm32cubemx/CMakeFiles/STM32_Drivers.dir/__/__/Drivers/STM32U5xx_HAL_Driver/Src/stm32u5xx_hal_icache.c.obj
 .ARM.attributes
                0x0000017c       0x3a cmake/stm32cubemx/CMakeFiles/STM32_Drivers.dir/__/__/Drivers/STM32U5xx_HAL_Driver/Src/stm32u5xx_hal.c.obj
 .ARM.attributes
                0x000001b6       0x3a cmake/stm32cubemx/CMakeFiles/STM32_Drivers.dir/__/__/Drivers/STM32U5xx_HAL_Driver/Src/stm32u5xx_hal_rcc.c.obj
 .ARM.attributes
                0x000001f0       0x3a cmake/stm32cubemx/CMakeFiles/STM32_Drivers.dir/__/__/Drivers/STM32U5xx_HAL_Driver/Src/stm32u5xx_hal_rcc_ex.c.obj
 .ARM.attributes
                0x0000022a       0x3a cmake/stm32cubemx/CMakeFiles/STM32_Drivers.dir/__/__/Drivers/STM32U5xx_HAL_Driver/Src/stm32u5xx_hal_gpio.c.obj
 .ARM.attributes
                0x00000264       0x3a cmake/stm32cubemx/CMakeFiles/STM32_Drivers.dir/__/__/Drivers/STM32U5xx_HAL_Driver/Src/stm32u5xx_hal_dma.c.obj
 .ARM.attributes
                0x0000029e       0x3a cmake/stm32cubemx/CMakeFiles/STM32_Drivers.dir/__/__/Drivers/STM32U5xx_HAL_Driver/Src/stm32u5xx_hal_pwr_ex.c.obj
 .ARM.attributes
                0x000002d8       0x3a cmake/stm32cubemx/CMakeFiles/STM32_Drivers.dir/__/__/Drivers/STM32U5xx_HAL_Driver/Src/stm32u5xx_hal_uart.c.obj
 .ARM.attributes
                0x00000312       0x3a cmake/stm32cubemx/CMakeFiles/STM32_Drivers.dir/__/__/Drivers/STM32U5xx_HAL_Driver/Src/stm32u5xx_hal_uart_ex.c.obj
 .ARM.attributes
                0x0000034c       0x3a CMakeFiles/test_10-04-2025_exti_vs_uart.dir/Core/Src/main.c.obj
 .ARM.attributes
                0x00000386       0x3a CMakeFiles/test_10-04-2025_exti_vs_uart.dir/Core/Src/stm32u5xx_it.c.obj
 .ARM.attributes
                0x000003c0       0x3a CMakeFiles/test_10-04-2025_exti_vs_uart.dir/Core/Src/stm32u5xx_hal_msp.c.obj
 .ARM.attributes
                0x000003fa       0x24 CMakeFiles/test_10-04-2025_exti_vs_uart.dir/startup_stm32u575xx.s.obj
 .ARM.attributes
                0x0000041e       0x26 /usr/share/gcc-arm-none-eabi-13.2.rel1/bin/../lib/gcc/arm-none-eabi/13.2.1/thumb/v8-m.main+fp/hard/libgcc.a(_aeabi_uldivmod.o)
 .ARM.attributes
                0x00000444       0x38 /usr/share/gcc-arm-none-eabi-13.2.rel1/bin/../lib/gcc/arm-none-eabi/13.2.1/thumb/v8-m.main+fp/hard/libgcc.a(_udivmoddi4.o)
 .ARM.attributes
                0x0000047c       0x26 /usr/share/gcc-arm-none-eabi-13.2.rel1/bin/../lib/gcc/arm-none-eabi/13.2.1/thumb/v8-m.main+fp/hard/libgcc.a(_dvmd_tls.o)
 .ARM.attributes
                0x000004a2       0x24 /usr/share/gcc-arm-none-eabi-13.2.rel1/bin/../lib/gcc/arm-none-eabi/13.2.1/../../../../arm-none-eabi/lib/thumb/v8-m.main+fp/hard/libg_nano.a(libc_a-strcmp.o)
 .ARM.attributes
                0x000004c6       0x24 /usr/share/gcc-arm-none-eabi-13.2.rel1/bin/../lib/gcc/arm-none-eabi/13.2.1/../../../../arm-none-eabi/lib/thumb/v8-m.main+fp/hard/libg_nano.a(libc_a-strlen.o)
 .ARM.attributes
                0x000004ea       0x38 /usr/share/gcc-arm-none-eabi-13.2.rel1/bin/../lib/gcc/arm-none-eabi/13.2.1/thumb/v8-m.main+fp/hard/crtend.o
 .ARM.attributes
                0x00000522       0x26 /usr/share/gcc-arm-none-eabi-13.2.rel1/bin/../lib/gcc/arm-none-eabi/13.2.1/thumb/v8-m.main+fp/hard/crtn.o
OUTPUT(test_10-04-2025_exti_vs_uart.elf elf32-littlearm)
LOAD linker stubs
LOAD /usr/share/gcc-arm-none-eabi-13.2.rel1/bin/../lib/gcc/arm-none-eabi/13.2.1/../../../../arm-none-eabi/lib/thumb/v8-m.main+fp/hard/libc.a
LOAD /usr/share/gcc-arm-none-eabi-13.2.rel1/bin/../lib/gcc/arm-none-eabi/13.2.1/../../../../arm-none-eabi/lib/thumb/v8-m.main+fp/hard/libm.a
LOAD /usr/share/gcc-arm-none-eabi-13.2.rel1/bin/../lib/gcc/arm-none-eabi/13.2.1/thumb/v8-m.main+fp/hard/libgcc.a

.debug_frame    0x00000000     0x340c
 .debug_frame   0x00000000       0x2c /usr/share/gcc-arm-none-eabi-13.2.rel1/bin/../lib/gcc/arm-none-eabi/13.2.1/../../../../arm-none-eabi/lib/thumb/v8-m.main+fp/hard/libc_nano.a(libc_a-init.o)
 .debug_frame   0x0000002c       0x20 /usr/share/gcc-arm-none-eabi-13.2.rel1/bin/../lib/gcc/arm-none-eabi/13.2.1/../../../../arm-none-eabi/lib/thumb/v8-m.main+fp/hard/libc_nano.a(libc_a-memset.o)
 .debug_frame   0x0000004c       0x58 cmake/stm32cubemx/CMakeFiles/STM32_Drivers.dir/__/__/Core/Src/system_stm32u5xx.c.obj
 .debug_frame   0x000000a4      0x560 cmake/stm32cubemx/CMakeFiles/STM32_Drivers.dir/__/__/Drivers/STM32U5xx_HAL_Driver/Src/stm32u5xx_hal_cortex.c.obj
 .debug_frame   0x00000604      0x298 cmake/stm32cubemx/CMakeFiles/STM32_Drivers.dir/__/__/Drivers/STM32U5xx_HAL_Driver/Src/stm32u5xx_hal_icache.c.obj
 .debug_frame   0x0000089c      0x500 cmake/stm32cubemx/CMakeFiles/STM32_Drivers.dir/__/__/Drivers/STM32U5xx_HAL_Driver/Src/stm32u5xx_hal.c.obj
 .debug_frame   0x00000d9c      0x288 cmake/stm32cubemx/CMakeFiles/STM32_Drivers.dir/__/__/Drivers/STM32U5xx_HAL_Driver/Src/stm32u5xx_hal_rcc.c.obj
 .debug_frame   0x00001024      0x5f0 cmake/stm32cubemx/CMakeFiles/STM32_Drivers.dir/__/__/Drivers/STM32U5xx_HAL_Driver/Src/stm32u5xx_hal_rcc_ex.c.obj
 .debug_frame   0x00001614      0x1ec cmake/stm32cubemx/CMakeFiles/STM32_Drivers.dir/__/__/Drivers/STM32U5xx_HAL_Driver/Src/stm32u5xx_hal_gpio.c.obj
 .debug_frame   0x00001800      0x2a0 cmake/stm32cubemx/CMakeFiles/STM32_Drivers.dir/__/__/Drivers/STM32U5xx_HAL_Driver/Src/stm32u5xx_hal_dma.c.obj
 .debug_frame   0x00001aa0      0x84c cmake/stm32cubemx/CMakeFiles/STM32_Drivers.dir/__/__/Drivers/STM32U5xx_HAL_Driver/Src/stm32u5xx_hal_pwr_ex.c.obj
 .debug_frame   0x000022ec      0xa84 cmake/stm32cubemx/CMakeFiles/STM32_Drivers.dir/__/__/Drivers/STM32U5xx_HAL_Driver/Src/stm32u5xx_hal_uart.c.obj
 .debug_frame   0x00002d70      0x314 cmake/stm32cubemx/CMakeFiles/STM32_Drivers.dir/__/__/Drivers/STM32U5xx_HAL_Driver/Src/stm32u5xx_hal_uart_ex.c.obj
 .debug_frame   0x00003084      0x148 CMakeFiles/test_10-04-2025_exti_vs_uart.dir/Core/Src/main.c.obj
 .debug_frame   0x000031cc      0x13c CMakeFiles/test_10-04-2025_exti_vs_uart.dir/Core/Src/stm32u5xx_it.c.obj
 .debug_frame   0x00003308       0x80 CMakeFiles/test_10-04-2025_exti_vs_uart.dir/Core/Src/stm32u5xx_hal_msp.c.obj
 .debug_frame   0x00003388       0x2c /usr/share/gcc-arm-none-eabi-13.2.rel1/bin/../lib/gcc/arm-none-eabi/13.2.1/thumb/v8-m.main+fp/hard/libgcc.a(_aeabi_uldivmod.o)
 .debug_frame   0x000033b4       0x38 /usr/share/gcc-arm-none-eabi-13.2.rel1/bin/../lib/gcc/arm-none-eabi/13.2.1/thumb/v8-m.main+fp/hard/libgcc.a(_udivmoddi4.o)
 .debug_frame   0x000033ec       0x20 /usr/share/gcc-arm-none-eabi-13.2.rel1/bin/../lib/gcc/arm-none-eabi/13.2.1/../../../../arm-none-eabi/lib/thumb/v8-m.main+fp/hard/libg_nano.a(libc_a-strcmp.o)

.debug_info     0x00000000    0x10788
 .debug_info    0x00000000      0x929 cmake/stm32cubemx/CMakeFiles/STM32_Drivers.dir/__/__/Core/Src/system_stm32u5xx.c.obj
 .debug_info    0x00000929     0x163a cmake/stm32cubemx/CMakeFiles/STM32_Drivers.dir/__/__/Drivers/STM32U5xx_HAL_Driver/Src/stm32u5xx_hal_cortex.c.obj
 .debug_info    0x00001f63      0x4d6 cmake/stm32cubemx/CMakeFiles/STM32_Drivers.dir/__/__/Drivers/STM32U5xx_HAL_Driver/Src/stm32u5xx_hal_icache.c.obj
 .debug_info    0x00002439     0x11dd cmake/stm32cubemx/CMakeFiles/STM32_Drivers.dir/__/__/Drivers/STM32U5xx_HAL_Driver/Src/stm32u5xx_hal.c.obj
 .debug_info    0x00003616     0x11f0 cmake/stm32cubemx/CMakeFiles/STM32_Drivers.dir/__/__/Drivers/STM32U5xx_HAL_Driver/Src/stm32u5xx_hal_rcc.c.obj
 .debug_info    0x00004806     0x157f cmake/stm32cubemx/CMakeFiles/STM32_Drivers.dir/__/__/Drivers/STM32U5xx_HAL_Driver/Src/stm32u5xx_hal_rcc_ex.c.obj
 .debug_info    0x00005d85      0x859 cmake/stm32cubemx/CMakeFiles/STM32_Drivers.dir/__/__/Drivers/STM32U5xx_HAL_Driver/Src/stm32u5xx_hal_gpio.c.obj
 .debug_info    0x000065de      0xadc cmake/stm32cubemx/CMakeFiles/STM32_Drivers.dir/__/__/Drivers/STM32U5xx_HAL_Driver/Src/stm32u5xx_hal_dma.c.obj
 .debug_info    0x000070ba      0xe3e cmake/stm32cubemx/CMakeFiles/STM32_Drivers.dir/__/__/Drivers/STM32U5xx_HAL_Driver/Src/stm32u5xx_hal_pwr_ex.c.obj
 .debug_info    0x00007ef8     0x4029 cmake/stm32cubemx/CMakeFiles/STM32_Drivers.dir/__/__/Drivers/STM32U5xx_HAL_Driver/Src/stm32u5xx_hal_uart.c.obj
 .debug_info    0x0000bf21     0x11f0 cmake/stm32cubemx/CMakeFiles/STM32_Drivers.dir/__/__/Drivers/STM32U5xx_HAL_Driver/Src/stm32u5xx_hal_uart_ex.c.obj
 .debug_info    0x0000d111     0x1786 CMakeFiles/test_10-04-2025_exti_vs_uart.dir/Core/Src/main.c.obj
 .debug_info    0x0000e897      0x98a CMakeFiles/test_10-04-2025_exti_vs_uart.dir/Core/Src/stm32u5xx_it.c.obj
 .debug_info    0x0000f221     0x1537 CMakeFiles/test_10-04-2025_exti_vs_uart.dir/Core/Src/stm32u5xx_hal_msp.c.obj
 .debug_info    0x00010758       0x30 CMakeFiles/test_10-04-2025_exti_vs_uart.dir/startup_stm32u575xx.s.obj

.debug_abbrev   0x00000000     0x2153
 .debug_abbrev  0x00000000      0x129 cmake/stm32cubemx/CMakeFiles/STM32_Drivers.dir/__/__/Core/Src/system_stm32u5xx.c.obj
 .debug_abbrev  0x00000129      0x311 cmake/stm32cubemx/CMakeFiles/STM32_Drivers.dir/__/__/Drivers/STM32U5xx_HAL_Driver/Src/stm32u5xx_hal_cortex.c.obj
 .debug_abbrev  0x0000043a      0x228 cmake/stm32cubemx/CMakeFiles/STM32_Drivers.dir/__/__/Drivers/STM32U5xx_HAL_Driver/Src/stm32u5xx_hal_icache.c.obj
 .debug_abbrev  0x00000662      0x2a5 cmake/stm32cubemx/CMakeFiles/STM32_Drivers.dir/__/__/Drivers/STM32U5xx_HAL_Driver/Src/stm32u5xx_hal.c.obj
 .debug_abbrev  0x00000907      0x2cb cmake/stm32cubemx/CMakeFiles/STM32_Drivers.dir/__/__/Drivers/STM32U5xx_HAL_Driver/Src/stm32u5xx_hal_rcc.c.obj
 .debug_abbrev  0x00000bd2      0x23d cmake/stm32cubemx/CMakeFiles/STM32_Drivers.dir/__/__/Drivers/STM32U5xx_HAL_Driver/Src/stm32u5xx_hal_rcc_ex.c.obj
 .debug_abbrev  0x00000e0f      0x25a cmake/stm32cubemx/CMakeFiles/STM32_Drivers.dir/__/__/Drivers/STM32U5xx_HAL_Driver/Src/stm32u5xx_hal_gpio.c.obj
 .debug_abbrev  0x00001069      0x1ff cmake/stm32cubemx/CMakeFiles/STM32_Drivers.dir/__/__/Drivers/STM32U5xx_HAL_Driver/Src/stm32u5xx_hal_dma.c.obj
 .debug_abbrev  0x00001268      0x215 cmake/stm32cubemx/CMakeFiles/STM32_Drivers.dir/__/__/Drivers/STM32U5xx_HAL_Driver/Src/stm32u5xx_hal_pwr_ex.c.obj
 .debug_abbrev  0x0000147d      0x305 cmake/stm32cubemx/CMakeFiles/STM32_Drivers.dir/__/__/Drivers/STM32U5xx_HAL_Driver/Src/stm32u5xx_hal_uart.c.obj
 .debug_abbrev  0x00001782      0x2d4 cmake/stm32cubemx/CMakeFiles/STM32_Drivers.dir/__/__/Drivers/STM32U5xx_HAL_Driver/Src/stm32u5xx_hal_uart_ex.c.obj
 .debug_abbrev  0x00001a56      0x347 CMakeFiles/test_10-04-2025_exti_vs_uart.dir/Core/Src/main.c.obj
 .debug_abbrev  0x00001d9d      0x184 CMakeFiles/test_10-04-2025_exti_vs_uart.dir/Core/Src/stm32u5xx_it.c.obj
 .debug_abbrev  0x00001f21      0x20e CMakeFiles/test_10-04-2025_exti_vs_uart.dir/Core/Src/stm32u5xx_hal_msp.c.obj
 .debug_abbrev  0x0000212f       0x24 CMakeFiles/test_10-04-2025_exti_vs_uart.dir/startup_stm32u575xx.s.obj

.debug_aranges  0x00000000      0xca8
 .debug_aranges
                0x00000000       0x28 cmake/stm32cubemx/CMakeFiles/STM32_Drivers.dir/__/__/Core/Src/system_stm32u5xx.c.obj
 .debug_aranges
                0x00000028      0x140 cmake/stm32cubemx/CMakeFiles/STM32_Drivers.dir/__/__/Drivers/STM32U5xx_HAL_Driver/Src/stm32u5xx_hal_cortex.c.obj
 .debug_aranges
                0x00000168       0xa8 cmake/stm32cubemx/CMakeFiles/STM32_Drivers.dir/__/__/Drivers/STM32U5xx_HAL_Driver/Src/stm32u5xx_hal_icache.c.obj
 .debug_aranges
                0x00000210      0x148 cmake/stm32cubemx/CMakeFiles/STM32_Drivers.dir/__/__/Drivers/STM32U5xx_HAL_Driver/Src/stm32u5xx_hal.c.obj
 .debug_aranges
                0x00000358       0xa8 cmake/stm32cubemx/CMakeFiles/STM32_Drivers.dir/__/__/Drivers/STM32U5xx_HAL_Driver/Src/stm32u5xx_hal_rcc.c.obj
 .debug_aranges
                0x00000400      0x160 cmake/stm32cubemx/CMakeFiles/STM32_Drivers.dir/__/__/Drivers/STM32U5xx_HAL_Driver/Src/stm32u5xx_hal_rcc_ex.c.obj
 .debug_aranges
                0x00000560       0x78 cmake/stm32cubemx/CMakeFiles/STM32_Drivers.dir/__/__/Drivers/STM32U5xx_HAL_Driver/Src/stm32u5xx_hal_gpio.c.obj
 .debug_aranges
                0x000005d8       0xa0 cmake/stm32cubemx/CMakeFiles/STM32_Drivers.dir/__/__/Drivers/STM32U5xx_HAL_Driver/Src/stm32u5xx_hal_dma.c.obj
 .debug_aranges
                0x00000678      0x200 cmake/stm32cubemx/CMakeFiles/STM32_Drivers.dir/__/__/Drivers/STM32U5xx_HAL_Driver/Src/stm32u5xx_hal_pwr_ex.c.obj
 .debug_aranges
                0x00000878      0x248 cmake/stm32cubemx/CMakeFiles/STM32_Drivers.dir/__/__/Drivers/STM32U5xx_HAL_Driver/Src/stm32u5xx_hal_uart.c.obj
 .debug_aranges
                0x00000ac0       0xb8 cmake/stm32cubemx/CMakeFiles/STM32_Drivers.dir/__/__/Drivers/STM32U5xx_HAL_Driver/Src/stm32u5xx_hal_uart_ex.c.obj
 .debug_aranges
                0x00000b78       0x68 CMakeFiles/test_10-04-2025_exti_vs_uart.dir/Core/Src/main.c.obj
 .debug_aranges
                0x00000be0       0x70 CMakeFiles/test_10-04-2025_exti_vs_uart.dir/Core/Src/stm32u5xx_it.c.obj
 .debug_aranges
                0x00000c50       0x30 CMakeFiles/test_10-04-2025_exti_vs_uart.dir/Core/Src/stm32u5xx_hal_msp.c.obj
 .debug_aranges
                0x00000c80       0x28 CMakeFiles/test_10-04-2025_exti_vs_uart.dir/startup_stm32u575xx.s.obj

.debug_rnglists
                0x00000000      0x9c0
 .debug_rnglists
                0x00000000       0x1a cmake/stm32cubemx/CMakeFiles/STM32_Drivers.dir/__/__/Core/Src/system_stm32u5xx.c.obj
 .debug_rnglists
                0x0000001a       0xec cmake/stm32cubemx/CMakeFiles/STM32_Drivers.dir/__/__/Drivers/STM32U5xx_HAL_Driver/Src/stm32u5xx_hal_cortex.c.obj
 .debug_rnglists
                0x00000106       0x7a cmake/stm32cubemx/CMakeFiles/STM32_Drivers.dir/__/__/Drivers/STM32U5xx_HAL_Driver/Src/stm32u5xx_hal_icache.c.obj
 .debug_rnglists
                0x00000180       0xf3 cmake/stm32cubemx/CMakeFiles/STM32_Drivers.dir/__/__/Drivers/STM32U5xx_HAL_Driver/Src/stm32u5xx_hal.c.obj
 .debug_rnglists
                0x00000273       0x7f cmake/stm32cubemx/CMakeFiles/STM32_Drivers.dir/__/__/Drivers/STM32U5xx_HAL_Driver/Src/stm32u5xx_hal_rcc.c.obj
 .debug_rnglists
                0x000002f2      0x113 cmake/stm32cubemx/CMakeFiles/STM32_Drivers.dir/__/__/Drivers/STM32U5xx_HAL_Driver/Src/stm32u5xx_hal_rcc_ex.c.obj
 .debug_rnglists
                0x00000405       0x5a cmake/stm32cubemx/CMakeFiles/STM32_Drivers.dir/__/__/Drivers/STM32U5xx_HAL_Driver/Src/stm32u5xx_hal_gpio.c.obj
 .debug_rnglists
                0x0000045f       0x7e cmake/stm32cubemx/CMakeFiles/STM32_Drivers.dir/__/__/Drivers/STM32U5xx_HAL_Driver/Src/stm32u5xx_hal_dma.c.obj
 .debug_rnglists
                0x000004dd      0x186 cmake/stm32cubemx/CMakeFiles/STM32_Drivers.dir/__/__/Drivers/STM32U5xx_HAL_Driver/Src/stm32u5xx_hal_pwr_ex.c.obj
 .debug_rnglists
                0x00000663      0x1fb cmake/stm32cubemx/CMakeFiles/STM32_Drivers.dir/__/__/Drivers/STM32U5xx_HAL_Driver/Src/stm32u5xx_hal_uart.c.obj
 .debug_rnglists
                0x0000085e       0x8c cmake/stm32cubemx/CMakeFiles/STM32_Drivers.dir/__/__/Drivers/STM32U5xx_HAL_Driver/Src/stm32u5xx_hal_uart_ex.c.obj
 .debug_rnglists
                0x000008ea       0x4e CMakeFiles/test_10-04-2025_exti_vs_uart.dir/Core/Src/main.c.obj
 .debug_rnglists
                0x00000938       0x4f CMakeFiles/test_10-04-2025_exti_vs_uart.dir/Core/Src/stm32u5xx_it.c.obj
 .debug_rnglists
                0x00000987       0x20 CMakeFiles/test_10-04-2025_exti_vs_uart.dir/Core/Src/stm32u5xx_hal_msp.c.obj
 .debug_rnglists
                0x000009a7       0x19 CMakeFiles/test_10-04-2025_exti_vs_uart.dir/startup_stm32u575xx.s.obj

.debug_macro    0x00000000    0x30b32
 .debug_macro   0x00000000      0x25b cmake/stm32cubemx/CMakeFiles/STM32_Drivers.dir/__/__/Core/Src/system_stm32u5xx.c.obj
 .debug_macro   0x0000025b      0xade cmake/stm32cubemx/CMakeFiles/STM32_Drivers.dir/__/__/Core/Src/system_stm32u5xx.c.obj
 .debug_macro   0x00000d39       0x2e cmake/stm32cubemx/CMakeFiles/STM32_Drivers.dir/__/__/Core/Src/system_stm32u5xx.c.obj
 .debug_macro   0x00000d67       0x42 cmake/stm32cubemx/CMakeFiles/STM32_Drivers.dir/__/__/Core/Src/system_stm32u5xx.c.obj
 .debug_macro   0x00000da9       0x22 cmake/stm32cubemx/CMakeFiles/STM32_Drivers.dir/__/__/Core/Src/system_stm32u5xx.c.obj
 .debug_macro   0x00000dcb       0x8e cmake/stm32cubemx/CMakeFiles/STM32_Drivers.dir/__/__/Core/Src/system_stm32u5xx.c.obj
 .debug_macro   0x00000e59       0x51 cmake/stm32cubemx/CMakeFiles/STM32_Drivers.dir/__/__/Core/Src/system_stm32u5xx.c.obj
 .debug_macro   0x00000eaa      0x103 cmake/stm32cubemx/CMakeFiles/STM32_Drivers.dir/__/__/Core/Src/system_stm32u5xx.c.obj
 .debug_macro   0x00000fad       0x6a cmake/stm32cubemx/CMakeFiles/STM32_Drivers.dir/__/__/Core/Src/system_stm32u5xx.c.obj
 .debug_macro   0x00001017      0x1df cmake/stm32cubemx/CMakeFiles/STM32_Drivers.dir/__/__/Core/Src/system_stm32u5xx.c.obj
 .debug_macro   0x000011f6       0x1c cmake/stm32cubemx/CMakeFiles/STM32_Drivers.dir/__/__/Core/Src/system_stm32u5xx.c.obj
 .debug_macro   0x00001212       0x29 cmake/stm32cubemx/CMakeFiles/STM32_Drivers.dir/__/__/Core/Src/system_stm32u5xx.c.obj
 .debug_macro   0x0000123b       0xfb cmake/stm32cubemx/CMakeFiles/STM32_Drivers.dir/__/__/Core/Src/system_stm32u5xx.c.obj
 .debug_macro   0x00001336     0x1685 cmake/stm32cubemx/CMakeFiles/STM32_Drivers.dir/__/__/Core/Src/system_stm32u5xx.c.obj
 .debug_macro   0x000029bb       0x5e cmake/stm32cubemx/CMakeFiles/STM32_Drivers.dir/__/__/Core/Src/system_stm32u5xx.c.obj
 .debug_macro   0x00002a19    0x2279e cmake/stm32cubemx/CMakeFiles/STM32_Drivers.dir/__/__/Core/Src/system_stm32u5xx.c.obj
 .debug_macro   0x000251b7       0x6d cmake/stm32cubemx/CMakeFiles/STM32_Drivers.dir/__/__/Core/Src/system_stm32u5xx.c.obj
 .debug_macro   0x00025224      0x1fb cmake/stm32cubemx/CMakeFiles/STM32_Drivers.dir/__/__/Core/Src/system_stm32u5xx.c.obj
 .debug_macro   0x0002541f     0x393e cmake/stm32cubemx/CMakeFiles/STM32_Drivers.dir/__/__/Core/Src/system_stm32u5xx.c.obj
 .debug_macro   0x00028d5d      0x190 cmake/stm32cubemx/CMakeFiles/STM32_Drivers.dir/__/__/Core/Src/system_stm32u5xx.c.obj
 .debug_macro   0x00028eed       0x7b cmake/stm32cubemx/CMakeFiles/STM32_Drivers.dir/__/__/Core/Src/system_stm32u5xx.c.obj
 .debug_macro   0x00028f68       0x2a cmake/stm32cubemx/CMakeFiles/STM32_Drivers.dir/__/__/Core/Src/system_stm32u5xx.c.obj
 .debug_macro   0x00028f92       0x3c cmake/stm32cubemx/CMakeFiles/STM32_Drivers.dir/__/__/Core/Src/system_stm32u5xx.c.obj
 .debug_macro   0x00028fce       0x34 cmake/stm32cubemx/CMakeFiles/STM32_Drivers.dir/__/__/Core/Src/system_stm32u5xx.c.obj
 .debug_macro   0x00029002      0x370 cmake/stm32cubemx/CMakeFiles/STM32_Drivers.dir/__/__/Core/Src/system_stm32u5xx.c.obj
 .debug_macro   0x00029372       0x16 cmake/stm32cubemx/CMakeFiles/STM32_Drivers.dir/__/__/Core/Src/system_stm32u5xx.c.obj
 .debug_macro   0x00029388       0x4a cmake/stm32cubemx/CMakeFiles/STM32_Drivers.dir/__/__/Core/Src/system_stm32u5xx.c.obj
 .debug_macro   0x000293d2       0x34 cmake/stm32cubemx/CMakeFiles/STM32_Drivers.dir/__/__/Core/Src/system_stm32u5xx.c.obj
 .debug_macro   0x00029406       0x10 cmake/stm32cubemx/CMakeFiles/STM32_Drivers.dir/__/__/Core/Src/system_stm32u5xx.c.obj
 .debug_macro   0x00029416       0x58 cmake/stm32cubemx/CMakeFiles/STM32_Drivers.dir/__/__/Core/Src/system_stm32u5xx.c.obj
 .debug_macro   0x0002946e      0x1de cmake/stm32cubemx/CMakeFiles/STM32_Drivers.dir/__/__/Core/Src/system_stm32u5xx.c.obj
 .debug_macro   0x0002964c      0x19b cmake/stm32cubemx/CMakeFiles/STM32_Drivers.dir/__/__/Core/Src/system_stm32u5xx.c.obj
 .debug_macro   0x000297e7       0x5d cmake/stm32cubemx/CMakeFiles/STM32_Drivers.dir/__/__/Core/Src/system_stm32u5xx.c.obj
 .debug_macro   0x00029844     0x1ae5 cmake/stm32cubemx/CMakeFiles/STM32_Drivers.dir/__/__/Core/Src/system_stm32u5xx.c.obj
 .debug_macro   0x0002b329      0x7dc cmake/stm32cubemx/CMakeFiles/STM32_Drivers.dir/__/__/Core/Src/system_stm32u5xx.c.obj
 .debug_macro   0x0002bb05      0x166 cmake/stm32cubemx/CMakeFiles/STM32_Drivers.dir/__/__/Core/Src/system_stm32u5xx.c.obj
 .debug_macro   0x0002bc6b      0x2aa cmake/stm32cubemx/CMakeFiles/STM32_Drivers.dir/__/__/Core/Src/system_stm32u5xx.c.obj
 .debug_macro   0x0002bf15       0xc9 cmake/stm32cubemx/CMakeFiles/STM32_Drivers.dir/__/__/Core/Src/system_stm32u5xx.c.obj
 .debug_macro   0x0002bfde      0x5a5 cmake/stm32cubemx/CMakeFiles/STM32_Drivers.dir/__/__/Core/Src/system_stm32u5xx.c.obj
 .debug_macro   0x0002c583      0x439 cmake/stm32cubemx/CMakeFiles/STM32_Drivers.dir/__/__/Core/Src/system_stm32u5xx.c.obj
 .debug_macro   0x0002c9bc       0xd6 cmake/stm32cubemx/CMakeFiles/STM32_Drivers.dir/__/__/Core/Src/system_stm32u5xx.c.obj
 .debug_macro   0x0002ca92      0x1cd cmake/stm32cubemx/CMakeFiles/STM32_Drivers.dir/__/__/Core/Src/system_stm32u5xx.c.obj
 .debug_macro   0x0002cc5f      0x432 cmake/stm32cubemx/CMakeFiles/STM32_Drivers.dir/__/__/Core/Src/system_stm32u5xx.c.obj
 .debug_macro   0x0002d091       0x95 cmake/stm32cubemx/CMakeFiles/STM32_Drivers.dir/__/__/Core/Src/system_stm32u5xx.c.obj
 .debug_macro   0x0002d126      0x11c cmake/stm32cubemx/CMakeFiles/STM32_Drivers.dir/__/__/Core/Src/system_stm32u5xx.c.obj
 .debug_macro   0x0002d242      0x525 cmake/stm32cubemx/CMakeFiles/STM32_Drivers.dir/__/__/Core/Src/system_stm32u5xx.c.obj
 .debug_macro   0x0002d767      0x4bf cmake/stm32cubemx/CMakeFiles/STM32_Drivers.dir/__/__/Core/Src/system_stm32u5xx.c.obj
 .debug_macro   0x0002dc26      0x677 cmake/stm32cubemx/CMakeFiles/STM32_Drivers.dir/__/__/Core/Src/system_stm32u5xx.c.obj
 .debug_macro   0x0002e29d      0x1a1 cmake/stm32cubemx/CMakeFiles/STM32_Drivers.dir/__/__/Core/Src/system_stm32u5xx.c.obj
 .debug_macro   0x0002e43e      0x1c0 cmake/stm32cubemx/CMakeFiles/STM32_Drivers.dir/__/__/Core/Src/system_stm32u5xx.c.obj
 .debug_macro   0x0002e5fe      0x361 cmake/stm32cubemx/CMakeFiles/STM32_Drivers.dir/__/__/Core/Src/system_stm32u5xx.c.obj
 .debug_macro   0x0002e95f      0x254 cmake/stm32cubemx/CMakeFiles/STM32_Drivers.dir/__/__/Drivers/STM32U5xx_HAL_Driver/Src/stm32u5xx_hal_cortex.c.obj
 .debug_macro   0x0002ebb3      0x286 cmake/stm32cubemx/CMakeFiles/STM32_Drivers.dir/__/__/Drivers/STM32U5xx_HAL_Driver/Src/stm32u5xx_hal_icache.c.obj
 .debug_macro   0x0002ee39      0x278 cmake/stm32cubemx/CMakeFiles/STM32_Drivers.dir/__/__/Drivers/STM32U5xx_HAL_Driver/Src/stm32u5xx_hal.c.obj
 .debug_macro   0x0002f0b1      0x35a cmake/stm32cubemx/CMakeFiles/STM32_Drivers.dir/__/__/Drivers/STM32U5xx_HAL_Driver/Src/stm32u5xx_hal_rcc.c.obj
 .debug_macro   0x0002f40b      0x37e cmake/stm32cubemx/CMakeFiles/STM32_Drivers.dir/__/__/Drivers/STM32U5xx_HAL_Driver/Src/stm32u5xx_hal_rcc_ex.c.obj
 .debug_macro   0x0002f789      0x289 cmake/stm32cubemx/CMakeFiles/STM32_Drivers.dir/__/__/Drivers/STM32U5xx_HAL_Driver/Src/stm32u5xx_hal_gpio.c.obj
 .debug_macro   0x0002fa12      0x255 cmake/stm32cubemx/CMakeFiles/STM32_Drivers.dir/__/__/Drivers/STM32U5xx_HAL_Driver/Src/stm32u5xx_hal_dma.c.obj
 .debug_macro   0x0002fc67      0x27f cmake/stm32cubemx/CMakeFiles/STM32_Drivers.dir/__/__/Drivers/STM32U5xx_HAL_Driver/Src/stm32u5xx_hal_pwr_ex.c.obj
 .debug_macro   0x0002fee6      0x27f cmake/stm32cubemx/CMakeFiles/STM32_Drivers.dir/__/__/Drivers/STM32U5xx_HAL_Driver/Src/stm32u5xx_hal_uart.c.obj
 .debug_macro   0x00030165      0x260 cmake/stm32cubemx/CMakeFiles/STM32_Drivers.dir/__/__/Drivers/STM32U5xx_HAL_Driver/Src/stm32u5xx_hal_uart_ex.c.obj
 .debug_macro   0x000303c5      0x263 CMakeFiles/test_10-04-2025_exti_vs_uart.dir/Core/Src/main.c.obj
 .debug_macro   0x00030628       0x3a CMakeFiles/test_10-04-2025_exti_vs_uart.dir/Core/Src/main.c.obj
 .debug_macro   0x00030662      0x26d CMakeFiles/test_10-04-2025_exti_vs_uart.dir/Core/Src/stm32u5xx_it.c.obj
 .debug_macro   0x000308cf      0x263 CMakeFiles/test_10-04-2025_exti_vs_uart.dir/Core/Src/stm32u5xx_hal_msp.c.obj

.debug_line     0x00000000     0xe662
 .debug_line    0x00000000      0x7b2 cmake/stm32cubemx/CMakeFiles/STM32_Drivers.dir/__/__/Core/Src/system_stm32u5xx.c.obj
 .debug_line    0x000007b2      0xd03 cmake/stm32cubemx/CMakeFiles/STM32_Drivers.dir/__/__/Drivers/STM32U5xx_HAL_Driver/Src/stm32u5xx_hal_cortex.c.obj
 .debug_line    0x000014b5      0x9a6 cmake/stm32cubemx/CMakeFiles/STM32_Drivers.dir/__/__/Drivers/STM32U5xx_HAL_Driver/Src/stm32u5xx_hal_icache.c.obj
 .debug_line    0x00001e5b      0xb53 cmake/stm32cubemx/CMakeFiles/STM32_Drivers.dir/__/__/Drivers/STM32U5xx_HAL_Driver/Src/stm32u5xx_hal.c.obj
 .debug_line    0x000029ae     0x1540 cmake/stm32cubemx/CMakeFiles/STM32_Drivers.dir/__/__/Drivers/STM32U5xx_HAL_Driver/Src/stm32u5xx_hal_rcc.c.obj
 .debug_line    0x00003eee     0x216b cmake/stm32cubemx/CMakeFiles/STM32_Drivers.dir/__/__/Drivers/STM32U5xx_HAL_Driver/Src/stm32u5xx_hal_rcc_ex.c.obj
 .debug_line    0x00006059      0xc52 cmake/stm32cubemx/CMakeFiles/STM32_Drivers.dir/__/__/Drivers/STM32U5xx_HAL_Driver/Src/stm32u5xx_hal_gpio.c.obj
 .debug_line    0x00006cab     0x1135 cmake/stm32cubemx/CMakeFiles/STM32_Drivers.dir/__/__/Drivers/STM32U5xx_HAL_Driver/Src/stm32u5xx_hal_dma.c.obj
 .debug_line    0x00007de0     0x102e cmake/stm32cubemx/CMakeFiles/STM32_Drivers.dir/__/__/Drivers/STM32U5xx_HAL_Driver/Src/stm32u5xx_hal_pwr_ex.c.obj
 .debug_line    0x00008e0e     0x32fd cmake/stm32cubemx/CMakeFiles/STM32_Drivers.dir/__/__/Drivers/STM32U5xx_HAL_Driver/Src/stm32u5xx_hal_uart.c.obj
 .debug_line    0x0000c10b      0xcf4 cmake/stm32cubemx/CMakeFiles/STM32_Drivers.dir/__/__/Drivers/STM32U5xx_HAL_Driver/Src/stm32u5xx_hal_uart_ex.c.obj
 .debug_line    0x0000cdff      0x944 CMakeFiles/test_10-04-2025_exti_vs_uart.dir/Core/Src/main.c.obj
 .debug_line    0x0000d743      0x78f CMakeFiles/test_10-04-2025_exti_vs_uart.dir/Core/Src/stm32u5xx_it.c.obj
 .debug_line    0x0000ded2      0x717 CMakeFiles/test_10-04-2025_exti_vs_uart.dir/Core/Src/stm32u5xx_hal_msp.c.obj
 .debug_line    0x0000e5e9       0x79 CMakeFiles/test_10-04-2025_exti_vs_uart.dir/startup_stm32u575xx.s.obj

.debug_str      0x00000000   0x132112
 .debug_str     0x00000000   0x132112 cmake/stm32cubemx/CMakeFiles/STM32_Drivers.dir/__/__/Core/Src/system_stm32u5xx.c.obj
                             0x12ad43 (size before relaxing)
 .debug_str     0x00132112   0x12b988 cmake/stm32cubemx/CMakeFiles/STM32_Drivers.dir/__/__/Drivers/STM32U5xx_HAL_Driver/Src/stm32u5xx_hal_cortex.c.obj
 .debug_str     0x00132112   0x12b065 cmake/stm32cubemx/CMakeFiles/STM32_Drivers.dir/__/__/Drivers/STM32U5xx_HAL_Driver/Src/stm32u5xx_hal_icache.c.obj
 .debug_str     0x00132112   0x12bba8 cmake/stm32cubemx/CMakeFiles/STM32_Drivers.dir/__/__/Drivers/STM32U5xx_HAL_Driver/Src/stm32u5xx_hal.c.obj
 .debug_str     0x00132112   0x12c438 cmake/stm32cubemx/CMakeFiles/STM32_Drivers.dir/__/__/Drivers/STM32U5xx_HAL_Driver/Src/stm32u5xx_hal_rcc.c.obj
 .debug_str     0x00132112   0x12d69b cmake/stm32cubemx/CMakeFiles/STM32_Drivers.dir/__/__/Drivers/STM32U5xx_HAL_Driver/Src/stm32u5xx_hal_rcc_ex.c.obj
 .debug_str     0x00132112   0x12ad68 cmake/stm32cubemx/CMakeFiles/STM32_Drivers.dir/__/__/Drivers/STM32U5xx_HAL_Driver/Src/stm32u5xx_hal_gpio.c.obj
 .debug_str     0x00132112   0x12b0c7 cmake/stm32cubemx/CMakeFiles/STM32_Drivers.dir/__/__/Drivers/STM32U5xx_HAL_Driver/Src/stm32u5xx_hal_dma.c.obj
 .debug_str     0x00132112   0x12b483 cmake/stm32cubemx/CMakeFiles/STM32_Drivers.dir/__/__/Drivers/STM32U5xx_HAL_Driver/Src/stm32u5xx_hal_pwr_ex.c.obj
 .debug_str     0x00132112   0x12ba0a cmake/stm32cubemx/CMakeFiles/STM32_Drivers.dir/__/__/Drivers/STM32U5xx_HAL_Driver/Src/stm32u5xx_hal_uart.c.obj
 .debug_str     0x00132112   0x12b4bc cmake/stm32cubemx/CMakeFiles/STM32_Drivers.dir/__/__/Drivers/STM32U5xx_HAL_Driver/Src/stm32u5xx_hal_uart_ex.c.obj
 .debug_str     0x00132112   0x12bf09 CMakeFiles/test_10-04-2025_exti_vs_uart.dir/Core/Src/main.c.obj
 .debug_str     0x00132112   0x12b180 CMakeFiles/test_10-04-2025_exti_vs_uart.dir/Core/Src/stm32u5xx_it.c.obj
 .debug_str     0x00132112   0x12be73 CMakeFiles/test_10-04-2025_exti_vs_uart.dir/Core/Src/stm32u5xx_hal_msp.c.obj
 .debug_str     0x00132112       0xb8 CMakeFiles/test_10-04-2025_exti_vs_uart.dir/startup_stm32u575xx.s.obj

.comment        0x00000000       0x44
 .comment       0x00000000       0x44 cmake/stm32cubemx/CMakeFiles/STM32_Drivers.dir/__/__/Core/Src/system_stm32u5xx.c.obj
                                 0x45 (size before relaxing)
 .comment       0x00000044       0x45 cmake/stm32cubemx/CMakeFiles/STM32_Drivers.dir/__/__/Drivers/STM32U5xx_HAL_Driver/Src/stm32u5xx_hal_cortex.c.obj
 .comment       0x00000044       0x45 cmake/stm32cubemx/CMakeFiles/STM32_Drivers.dir/__/__/Drivers/STM32U5xx_HAL_Driver/Src/stm32u5xx_hal_icache.c.obj
 .comment       0x00000044       0x45 cmake/stm32cubemx/CMakeFiles/STM32_Drivers.dir/__/__/Drivers/STM32U5xx_HAL_Driver/Src/stm32u5xx_hal.c.obj
 .comment       0x00000044       0x45 cmake/stm32cubemx/CMakeFiles/STM32_Drivers.dir/__/__/Drivers/STM32U5xx_HAL_Driver/Src/stm32u5xx_hal_rcc.c.obj
 .comment       0x00000044       0x45 cmake/stm32cubemx/CMakeFiles/STM32_Drivers.dir/__/__/Drivers/STM32U5xx_HAL_Driver/Src/stm32u5xx_hal_rcc_ex.c.obj
 .comment       0x00000044       0x45 cmake/stm32cubemx/CMakeFiles/STM32_Drivers.dir/__/__/Drivers/STM32U5xx_HAL_Driver/Src/stm32u5xx_hal_gpio.c.obj
 .comment       0x00000044       0x45 cmake/stm32cubemx/CMakeFiles/STM32_Drivers.dir/__/__/Drivers/STM32U5xx_HAL_Driver/Src/stm32u5xx_hal_dma.c.obj
 .comment       0x00000044       0x45 cmake/stm32cubemx/CMakeFiles/STM32_Drivers.dir/__/__/Drivers/STM32U5xx_HAL_Driver/Src/stm32u5xx_hal_pwr_ex.c.obj
 .comment       0x00000044       0x45 cmake/stm32cubemx/CMakeFiles/STM32_Drivers.dir/__/__/Drivers/STM32U5xx_HAL_Driver/Src/stm32u5xx_hal_uart.c.obj
 .comment       0x00000044       0x45 cmake/stm32cubemx/CMakeFiles/STM32_Drivers.dir/__/__/Drivers/STM32U5xx_HAL_Driver/Src/stm32u5xx_hal_uart_ex.c.obj
 .comment       0x00000044       0x45 CMakeFiles/test_10-04-2025_exti_vs_uart.dir/Core/Src/main.c.obj
 .comment       0x00000044       0x45 CMakeFiles/test_10-04-2025_exti_vs_uart.dir/Core/Src/stm32u5xx_it.c.obj
 .comment       0x00000044       0x45 CMakeFiles/test_10-04-2025_exti_vs_uart.dir/Core/Src/stm32u5xx_hal_msp.c.obj

.debug_line_str
                0x00000000      0x268
 .debug_line_str
                0x00000000      0x268 CMakeFiles/test_10-04-2025_exti_vs_uart.dir/startup_stm32u575xx.s.obj
                                 0x9c (size before relaxing)
 .debug_line_str
                0x00000268       0xc6 /usr/share/gcc-arm-none-eabi-13.2.rel1/bin/../lib/gcc/arm-none-eabi/13.2.1/thumb/v8-m.main+fp/hard/libgcc.a(_aeabi_uldivmod.o)
 .debug_line_str
                0x00000268       0xca /usr/share/gcc-arm-none-eabi-13.2.rel1/bin/../lib/gcc/arm-none-eabi/13.2.1/thumb/v8-m.main+fp/hard/libgcc.a(_dvmd_tls.o)
 .debug_line_str
                0x00000268       0xe7 /usr/share/gcc-arm-none-eabi-13.2.rel1/bin/../lib/gcc/arm-none-eabi/13.2.1/../../../../arm-none-eabi/lib/thumb/v8-m.main+fp/hard/libg_nano.a(libc_a-strcmp.o)
 .debug_line_str
                0x00000268       0xe8 /usr/share/gcc-arm-none-eabi-13.2.rel1/bin/../lib/gcc/arm-none-eabi/13.2.1/../../../../arm-none-eabi/lib/thumb/v8-m.main+fp/hard/libg_nano.a(libc_a-strlen.o)
